Archive member included to satisfy reference by file (symbol)

C:/ST/STM32CubeIDE_2.0.0/STM32CubeIDE/plugins/com.st.stm32cube.ide.mcu.externaltools.gnu-tools-for-stm32.13.3.rel1.win32_1.0.100.202509120712/tools/bin/../lib/gcc/arm-none-eabi/13.3.1/../../../../arm-none-eabi/lib/thumb/v7e-m+fp/hard\libc_nano.a(libc_a-exit.o)
                              C:/ST/STM32CubeIDE_2.0.0/STM32CubeIDE/plugins/com.st.stm32cube.ide.mcu.externaltools.gnu-tools-for-stm32.13.3.rel1.win32_1.0.100.202509120712/tools/bin/../lib/gcc/arm-none-eabi/13.3.1/../../../../arm-none-eabi/lib/thumb/v7e-m+fp/hard/crt0.o (exit)
C:/ST/STM32CubeIDE_2.0.0/STM32CubeIDE/plugins/com.st.stm32cube.ide.mcu.externaltools.gnu-tools-for-stm32.13.3.rel1.win32_1.0.100.202509120712/tools/bin/../lib/gcc/arm-none-eabi/13.3.1/../../../../arm-none-eabi/lib/thumb/v7e-m+fp/hard\libc_nano.a(libc_a-findfp.o)
                              C:/ST/STM32CubeIDE_2.0.0/STM32CubeIDE/plugins/com.st.stm32cube.ide.mcu.externaltools.gnu-tools-for-stm32.13.3.rel1.win32_1.0.100.202509120712/tools/bin/../lib/gcc/arm-none-eabi/13.3.1/../../../../arm-none-eabi/lib/thumb/v7e-m+fp/hard\libc_nano.a(libc_a-exit.o) (__stdio_exit_handler)
C:/ST/STM32CubeIDE_2.0.0/STM32CubeIDE/plugins/com.st.stm32cube.ide.mcu.externaltools.gnu-tools-for-stm32.13.3.rel1.win32_1.0.100.202509120712/tools/bin/../lib/gcc/arm-none-eabi/13.3.1/../../../../arm-none-eabi/lib/thumb/v7e-m+fp/hard\libc_nano.a(libc_a-fwalk.o)
                              C:/ST/STM32CubeIDE_2.0.0/STM32CubeIDE/plugins/com.st.stm32cube.ide.mcu.externaltools.gnu-tools-for-stm32.13.3.rel1.win32_1.0.100.202509120712/tools/bin/../lib/gcc/arm-none-eabi/13.3.1/../../../../arm-none-eabi/lib/thumb/v7e-m+fp/hard\libc_nano.a(libc_a-findfp.o) (_fwalk_sglue)
C:/ST/STM32CubeIDE_2.0.0/STM32CubeIDE/plugins/com.st.stm32cube.ide.mcu.externaltools.gnu-tools-for-stm32.13.3.rel1.win32_1.0.100.202509120712/tools/bin/../lib/gcc/arm-none-eabi/13.3.1/../../../../arm-none-eabi/lib/thumb/v7e-m+fp/hard\libc_nano.a(libc_a-printf.o)
                              ./Core/Src/main.o (printf)
C:/ST/STM32CubeIDE_2.0.0/STM32CubeIDE/plugins/com.st.stm32cube.ide.mcu.externaltools.gnu-tools-for-stm32.13.3.rel1.win32_1.0.100.202509120712/tools/bin/../lib/gcc/arm-none-eabi/13.3.1/../../../../arm-none-eabi/lib/thumb/v7e-m+fp/hard\libc_nano.a(libc_a-puts.o)
                              ./Core/Src/main.o (puts)
C:/ST/STM32CubeIDE_2.0.0/STM32CubeIDE/plugins/com.st.stm32cube.ide.mcu.externaltools.gnu-tools-for-stm32.13.3.rel1.win32_1.0.100.202509120712/tools/bin/../lib/gcc/arm-none-eabi/13.3.1/../../../../arm-none-eabi/lib/thumb/v7e-m+fp/hard\libc_nano.a(libc_a-snprintf.o)
                              ./Core/Src/game.o (snprintf)
C:/ST/STM32CubeIDE_2.0.0/STM32CubeIDE/plugins/com.st.stm32cube.ide.mcu.externaltools.gnu-tools-for-stm32.13.3.rel1.win32_1.0.100.202509120712/tools/bin/../lib/gcc/arm-none-eabi/13.3.1/../../../../arm-none-eabi/lib/thumb/v7e-m+fp/hard\libc_nano.a(libc_a-stdio.o)
                              C:/ST/STM32CubeIDE_2.0.0/STM32CubeIDE/plugins/com.st.stm32cube.ide.mcu.externaltools.gnu-tools-for-stm32.13.3.rel1.win32_1.0.100.202509120712/tools/bin/../lib/gcc/arm-none-eabi/13.3.1/../../../../arm-none-eabi/lib/thumb/v7e-m+fp/hard\libc_nano.a(libc_a-findfp.o) (__sread)
C:/ST/STM32CubeIDE_2.0.0/STM32CubeIDE/plugins/com.st.stm32cube.ide.mcu.externaltools.gnu-tools-for-stm32.13.3.rel1.win32_1.0.100.202509120712/tools/bin/../lib/gcc/arm-none-eabi/13.3.1/../../../../arm-none-eabi/lib/thumb/v7e-m+fp/hard\libc_nano.a(libc_a-wbuf.o)
                              C:/ST/STM32CubeIDE_2.0.0/STM32CubeIDE/plugins/com.st.stm32cube.ide.mcu.externaltools.gnu-tools-for-stm32.13.3.rel1.win32_1.0.100.202509120712/tools/bin/../lib/gcc/arm-none-eabi/13.3.1/../../../../arm-none-eabi/lib/thumb/v7e-m+fp/hard\libc_nano.a(libc_a-puts.o) (__swbuf_r)
C:/ST/STM32CubeIDE_2.0.0/STM32CubeIDE/plugins/com.st.stm32cube.ide.mcu.externaltools.gnu-tools-for-stm32.13.3.rel1.win32_1.0.100.202509120712/tools/bin/../lib/gcc/arm-none-eabi/13.3.1/../../../../arm-none-eabi/lib/thumb/v7e-m+fp/hard\libc_nano.a(libc_a-wsetup.o)
                              C:/ST/STM32CubeIDE_2.0.0/STM32CubeIDE/plugins/com.st.stm32cube.ide.mcu.externaltools.gnu-tools-for-stm32.13.3.rel1.win32_1.0.100.202509120712/tools/bin/../lib/gcc/arm-none-eabi/13.3.1/../../../../arm-none-eabi/lib/thumb/v7e-m+fp/hard\libc_nano.a(libc_a-puts.o) (__swsetup_r)
C:/ST/STM32CubeIDE_2.0.0/STM32CubeIDE/plugins/com.st.stm32cube.ide.mcu.externaltools.gnu-tools-for-stm32.13.3.rel1.win32_1.0.100.202509120712/tools/bin/../lib/gcc/arm-none-eabi/13.3.1/../../../../arm-none-eabi/lib/thumb/v7e-m+fp/hard\libc_nano.a(libc_a-memset.o)
                              C:/ST/STM32CubeIDE_2.0.0/STM32CubeIDE/plugins/com.st.stm32cube.ide.mcu.externaltools.gnu-tools-for-stm32.13.3.rel1.win32_1.0.100.202509120712/tools/bin/../lib/gcc/arm-none-eabi/13.3.1/../../../../arm-none-eabi/lib/thumb/v7e-m+fp/hard/crt0.o (memset)
[...]
Memory Configuration

Name             Origin             Length             Attributes
CCMRAM           0x10000000         0x00010000         xrw
RAM              0x20000000         0x00020000         xrw
FLASH            0x08000000         0x00100000         xr
*default*        0x00000000         0xffffffff

Linker script and memory map

LOAD C:/ST/STM32CubeIDE_2.0.0/STM32CubeIDE/plugins/com.st.stm32cube.ide.mcu.externaltools.gnu-tools-for-stm32.13.3.rel1.win32_1.0.100.202509120712/tools/bin/../lib/gcc/arm-none-eabi/13.3.1/thumb/v7e-m+fp/hard/crti.o
LOAD C:/ST/STM32CubeIDE_2.0.0/STM32CubeIDE/plugins/com.st.stm32cube.ide.mcu.externaltools.gnu-tools-for-stm32.13.3.rel1.win32_1.0.100.202509120712/tools/bin/../lib/gcc/arm-none-eabi/13.3.1/thumb/v7e-m+fp/hard/crtbegin.o
LOAD C:/ST/STM32CubeIDE_2.0.0/STM32CubeIDE/plugins/com.st.stm32cube.ide.mcu.externaltools.gnu-tools-for-stm32.13.3.rel1.win32_1.0.100.202509120712/tools/bin/../lib/gcc/arm-none-eabi/13.3.1/../../../../arm-none-eabi/lib/thumb/v7e-m+fp/hard/crt0.o
LOAD ./Core/Src/audio.o
LOAD ./Core/Src/fonts.o
LOAD ./Core/Src/game.o
LOAD ./Core/Src/ili9341.o
LOAD ./Core/Src/main.o
LOAD ./Core/Src/stm32f4xx_hal_msp.o
LOAD ./Core/Src/stm32f4xx_it.o
LOAD ./Core/Src/syscalls.o
LOAD ./Core/Src/sysmem.o
LOAD ./Core/Src/system_stm32f4xx.o
LOAD ./Core/Startup/startup_stm32f407zgtx.o
LOAD ./Drivers/STM32F4xx_HAL_Driver/Src/stm32f4xx_hal.o
LOAD ./Drivers/STM32F4xx_HAL_Driver/Src/stm32f4xx_hal_cortex.o
LOAD ./Drivers/STM32F4xx_HAL_Driver/Src/stm32f4xx_hal_dac.o
LOAD ./Drivers/STM32F4xx_HAL_Driver/Src/stm32f4xx_hal_dac_ex.o
LOAD ./Drivers/STM32F4xx_HAL_Driver/Src/stm32f4xx_hal_dma.o
LOAD ./Drivers/STM32F4xx_HAL_Driver/Src/stm32f4xx_hal_dma_ex.o
LOAD ./Drivers/STM32F4xx_HAL_Driver/Src/stm32f4xx_hal_exti.o
LOAD ./Drivers/STM32F4xx_HAL_Driver/Src/stm32f4xx_hal_flash.o
LOAD ./Drivers/STM32F4xx_HAL_Driver/Src/stm32f4xx_hal_flash_ex.o
LOAD ./Drivers/STM32F4xx_HAL_Driver/Src/stm32f4xx_hal_flash_ramfunc.o
LOAD ./Drivers/STM32F4xx_HAL_Driver/Src/stm32f4xx_hal_gpio.o
LOAD ./Drivers/STM32F4xx_HAL_Driver/Src/stm32f4xx_hal_mmc.o
LOAD ./Drivers/STM32F4xx_HAL_Driver/Src/stm32f4xx_hal_pcd.o
LOAD ./Drivers/STM32F4xx_HAL_Driver/Src/stm32f4xx_hal_pcd_ex.o
LOAD ./Drivers/STM32F4xx_HAL_Driver/Src/stm32f4xx_hal_pwr.o
LOAD ./Drivers/STM32F4xx_HAL_Driver/Src/stm32f4xx_hal_pwr_ex.o
LOAD ./Drivers/STM32F4xx_HAL_Driver/Src/stm32f4xx_hal_rcc.o
LOAD ./Drivers/STM32F4xx_HAL_Driver/Src/stm32f4xx_hal_rcc_ex.o
LOAD ./Drivers/STM32F4xx_HAL_Driver/Src/stm32f4xx_hal_sd.o
LOAD ./Drivers/STM32F4xx_HAL_Driver/Src/stm32f4xx_hal_spi.o
LOAD ./Drivers/STM32F4xx_HAL_Driver/Src/stm32f4xx_hal_tim.o
LOAD ./Drivers/STM32F4xx_HAL_Driver/Src/stm32f4xx_hal_tim_ex.o
LOAD ./Drivers/STM32F4xx_HAL_Driver/Src/stm32f4xx_ll_sdmmc.o
LOAD ./Drivers/STM32F4xx_HAL_Driver/Src/stm32f4xx_ll_usb.o
LOAD ./FATFS/App/fatfs.o
LOAD ./FATFS/Target/bsp_driver_sd.o
LOAD ./FATFS/Target/fatfs_platform.o
LOAD ./FATFS/Target/sd_diskio.o
LOAD ./Middlewares/Third_Party/FatFs/src/diskio.o
LOAD ./Middlewares/Third_Party/FatFs/src/ff.o
LOAD ./Middlewares/Third_Party/FatFs/src/ff_gen_drv.o
LOAD ./Middlewares/Third_Party/FatFs/src/option/ccsbcs.o
LOAD ./Middlewares/Third_Party/FatFs/src/option/syscall.o
START GROUP
LOAD C:/ST/STM32CubeIDE_2.0.0/STM32CubeIDE/plugins/com.st.stm32cube.ide.mcu.externaltools.gnu-tools-for-stm32.13.3.rel1.win32_1.0.100.202509120712/tools/bin/../lib/gcc/arm-none-eabi/13.3.1/../../../../arm-none-eabi/lib/thumb/v7e-m+fp/hard\libc_nano.a
LOAD C:/ST/STM32CubeIDE_2.0.0/STM32CubeIDE/plugins/com.st.stm32cube.ide.mcu.externaltools.gnu-tools-for-stm32.13.3.rel1.win32_1.0.100.202509120712/tools/bin/../lib/gcc/arm-none-eabi/13.3.1/../../../../arm-none-eabi/lib/thumb/v7e-m+fp/hard\libm.a
END GROUP
START GROUP
LOAD C:/ST/STM32CubeIDE_2.0.0/STM32CubeIDE/plugins/com.st.stm32cube.ide.mcu.externaltools.gnu-tools-for-stm32.13.3.rel1.win32_1.0.100.202509120712/tools/bin/../lib/gcc/arm-none-eabi/13.3.1/thumb/v7e-m+fp/hard\libgcc.a
LOAD C:/ST/STM32CubeIDE_2.0.0/STM32CubeIDE/plugins/com.st.stm32cube.ide.mcu.externaltools.gnu-tools-for-stm32.13.3.rel1.win32_1.0.100.202509120712/tools/bin/../lib/gcc/arm-none-eabi/13.3.1/../../../../arm-none-eabi/lib/thumb/v7e-m+fp/hard\libc_nano.a
END GROUP
START GROUP
LOAD C:/ST/STM32CubeIDE_2.0.0/STM32CubeIDE/plugins/com.st.stm32cube.ide.mcu.externaltools.gnu-tools-for-stm32.13.3.rel1.win32_1.0.100.202509120712/tools/bin/../lib/gcc/arm-none-eabi/13.3.1/thumb/v7e-m+fp/hard\libgcc.a
LOAD C:/ST/STM32CubeIDE_2.0.0/STM32CubeIDE/plugins/com.st.stm32cube.ide.mcu.externaltools.gnu-tools-for-stm32.13.3.rel1.win32_1.0.100.202509120712/tools/bin/../lib/gcc/arm-none-eabi/13.3.1/../../../../arm-none-eabi/lib/thumb/v7e-m+fp/hard\libc_nano.a
LOAD C:/ST/STM32CubeIDE_2.0.0/STM32CubeIDE/plugins/com.st.stm32cube.ide.mcu.externaltools.gnu-tools-for-stm32.13.3.rel1.win32_1.0.100.202509120712/tools/bin/../lib/gcc/arm-none-eabi/13.3.1/../../../../arm-none-eabi/lib/thumb/v7e-m+fp/hard\libnosys.a
END GROUP
START GROUP
LOAD C:/ST/STM32CubeIDE_2.0.0/STM32CubeIDE/plugins/com.st.stm32cube.ide.mcu.externaltools.gnu-tools-for-stm32.13.3.rel1.win32_1.0.100.202509120712/tools/bin/../lib/gcc/arm-none-eabi/13.3.1/thumb/v7e-m+fp/hard\libgcc.a
LOAD C:/ST/STM32CubeIDE_2.0.0/STM32CubeIDE/plugins/com.st.stm32cube.ide.mcu.externaltools.gnu-tools-for-stm32.13.3.rel1.win32_1.0.100.202509120712/tools/bin/../lib/gcc/arm-none-eabi/13.3.1/../../../../arm-none-eabi/lib/thumb/v7e-m+fp/hard\libc_nano.a
LOAD C:/ST/STM32CubeIDE_2.0.0/STM32CubeIDE/plugins/com.st.stm32cube.ide.mcu.externaltools.gnu-tools-for-stm32.13.3.rel1.win32_1.0.100.202509120712/tools/bin/../lib/gcc/arm-none-eabi/13.3.1/../../../../arm-none-eabi/lib/thumb/v7e-m+fp/hard\libnosys.a
END GROUP
LOAD C:/ST/STM32CubeIDE_2.0.0/STM32CubeIDE/plugins/com.st.stm32cube.ide.mcu.externaltools.gnu-tools-for-stm32.13.3.rel1.win32_1.0.100.202509120712/tools/bin/../lib/gcc/arm-none-eabi/13.3.1/thumb/v7e-m+fp/hard/crtend.o
LOAD C:/ST/STM32CubeIDE_2.0.0/STM32CubeIDE/plugins/com.st.stm32cube.ide.mcu.externaltools.gnu-tools-for-stm32.13.3.rel1.win32_1.0.100.202509120712/tools/bin/../lib/gcc/arm-none-eabi/13.3.1/thumb/v7e-m+fp/hard/crtn.o
                0x20020000                        _estack = (ORIGIN (RAM) + LENGTH (RAM))
                0x00000200                        _Min_Heap_Size = 0x200
                0x00000400                        _Min_Stack_Size = 0x400

.isr_vector     0x08000000      0x188
                0x08000000                        . = ALIGN (0x4)
 *(.isr_vector)
 .isr_vector    0x08000000      0x188 ./Core/Startup/startup_stm32f407zgtx.o
                0x08000000                g_pfnVectors
                0x08000188                        . = ALIGN (0x4)

.text           0x08000190     0xb1fc
                0x08000190                        . = ALIGN (0x4)
 *(.text)
 .text          0x08000190       0x40 C:/ST/STM32CubeIDE_2.0.0/STM32CubeIDE/plugins/com.st.stm32cube.ide.mcu.externaltools.gnu-tools-for-stm32.13.3.rel1.win32_1.0.100.202509120712/tools/bin/../lib/gcc/arm-none-eabi/13.3.1/thumb/v7e-m+fp/hard/crtbegin.o
 .text          0x080001d0       0xa0 C:/ST/STM32CubeIDE_2.0.0/STM32CubeIDE/plugins/com.st.stm32cube.ide.mcu.externaltools.gnu-tools-for-stm32.13.3.rel1.win32_1.0.100.202509120712/tools/bin/../lib/gcc/arm-none-eabi/13.3.1/../../../../arm-none-eabi/lib/thumb/v7e-m+fp/hard\libc_nano.a(libc_a-memchr.o)
                0x080001d0                memchr
 .text          0x08000270       0x30 C:/ST/STM32CubeIDE_2.0.0/STM32CubeIDE/plugins/com.st.stm32cube.ide.mcu.externaltools.gnu-tools-for-stm32.13.3.rel1.win32_1.0.100.202509120712/tools/bin/../lib/gcc/arm-none-eabi/13.3.1/thumb/v7e-m+fp/hard\libgcc.a(_aeabi_uldivmod.o)
                0x08000270                __aeabi_uldivmod
 .text          0x080002a0      0x2f8 C:/ST/STM32CubeIDE_2.0.0/STM32CubeIDE/plugins/com.st.stm32cube.ide.mcu.externaltools.gnu-tools-for-stm32.13.3.rel1.win32_1.0.100.202509120712/tools/bin/../lib/gcc/arm-none-eabi/13.3.1/thumb/v7e-m+fp/hard\libgcc.a(_udivmoddi4.o)
                0x080002a0                __udivmoddi4
 .text          0x08000598        0x4 C:/ST/STM32CubeIDE_2.0.0/STM32CubeIDE/plugins/com.st.stm32cube.ide.mcu.externaltools.gnu-tools-for-stm32.13.3.rel1.win32_1.0.100.202509120712/tools/bin/../lib/gcc/arm-none-eabi/13.3.1/thumb/v7e-m+fp/hard\libgcc.a(_dvmd_tls.o)
                0x08000598                __aeabi_idiv0
                0x08000598                __aeabi_ldiv0
 *(.text*)
 .text.fill_buffer
                0x0800059c      0x154 ./Core/Src/audio.o
 .text.Audio_Start
                0x080006f0       0xc4 ./Core/Src/audio.o
                0x080006f0                Audio_Start
 .text.HAL_DAC_ConvHalfCpltCallbackCh1
                0x080007b4       0x30 ./Core/Src/audio.o
                0x080007b4                HAL_DAC_ConvHalfCpltCallbackCh1
 .text.HAL_DAC_ConvCpltCallbackCh1
                0x080007e4       0x30 ./Core/Src/audio.o
                0x080007e4                HAL_DAC_ConvCpltCallbackCh1
 .text.__NVIC_SystemReset
                0x08000814       0x2c ./Core/Src/game.o
 .text.init_game
                0x08000840      0x118 ./Core/Src/game.o
                0x08000840                init_game
 .text.update_game
                0x08000958      0x1a8 ./Core/Src/game.o
                0x08000958                update_game
 .text.register_note_groundcollision_timestamps
                0x08000b00       0x8c ./Core/Src/game.o
                0x08000b00                register_note_groundcollision_timestamps
 .text.poll_note_inputs
                0x08000b8c      0x11c ./Core/Src/game.o
                0x08000b8c                poll_note_inputs
 .text.note_input_debouncer_toggle_on
                0x08000ca8       0x1c ./Core/Src/game.o
                0x08000ca8                note_input_debouncer_toggle_on
 .text.poll_input_debouncer
                0x08000cc4       0x28 ./Core/Src/game.o
                0x08000cc4                poll_input_debouncer
 .text.update_score_based_on_comparing_timestamps
                0x08000cec       0x78 ./Core/Src/game.o
                0x08000cec                update_score_based_on_comparing_timestamps
 .text.handle_events
                0x08000d64        0xc ./Core/Src/game.o
                0x08000d64                handle_events
 .text.draw_row
                0x08000d70       0xd6 ./Core/Src/game.o
                0x08000d70                draw_row
 .text.erase_note
                0x08000e46       0xb0 ./Core/Src/game.o
                0x08000e46                erase_note
 *fill*         0x08000ef6        0x2 
 .text.display_game
                0x08000ef8      0x104 ./Core/Src/game.o
                0x08000ef8                display_game
 .text.ILI9341_Select
                0x08000ffc       0x18 ./Core/Src/ili9341.o
 .text.ILI9341_Unselect
                0x08001014       0x18 ./Core/Src/ili9341.o
                0x08001014                ILI9341_Unselect
 .text.ILI9341_Reset
                0x0800102c       0x28 ./Core/Src/ili9341.o
 .text.ILI9341_WriteCommand
                0x08001054       0x34 ./Core/Src/ili9341.o
 .text.ILI9341_WriteData
                0x08001088       0x5c ./Core/Src/ili9341.o
 .text.ILI9341_SetAddressWindow
                0x080010e4       0x90 ./Core/Src/ili9341.o
 .text.ILI9341_Init
                0x08001174      0x25c ./Core/Src/ili9341.o
                0x08001174                ILI9341_Init
 .text.ILI9341_WriteChar
                0x080013d0       0xe4 ./Core/Src/ili9341.o
 .text.ILI9341_WriteString
                0x080014b4       0x96 ./Core/Src/ili9341.o
                0x080014b4                ILI9341_WriteString
 *fill*         0x0800154a        0x2 
 .text.ILI9341_FillRectangle
                0x0800154c       0xdc ./Core/Src/ili9341.o
                0x0800154c                ILI9341_FillRectangle
 .text.ILI9341_FastFillRectangle
                0x08001628      0x1d8 ./Core/Src/ili9341.o
                0x08001628                ILI9341_FastFillRectangle
 .text.ILI9341_FillScreen
                0x08001800       0x24 ./Core/Src/ili9341.o
                0x08001800                ILI9341_FillScreen
 .text.ILI9341_FastClear
                0x08001824       0xd4 ./Core/Src/ili9341.o
                0x08001824                ILI9341_FastClear
 .text.MX_GPIO_Init
                0x080018f8      0x130 ./Core/Src/main.o
 .text.MX_DMA_Init
                0x08001a28       0x58 ./Core/Src/main.o
 .text.BSP_SD_IsDetected
                0x08001a80       0x10 ./Core/Src/main.o
                0x08001a80                BSP_SD_IsDetected
 .text.Error_Handler
                0x08001a90        0x4 ./Core/Src/main.o
                0x08001a90                Error_Handler
 .text.MX_USB_OTG_FS_PCD_Init
                0x08001a94       0x34 ./Core/Src/main.o
 .text.MX_SPI1_Init
                0x08001ac8       0x40 ./Core/Src/main.o
 .text.MX_SDIO_SD_Init
                0x08001b08       0x3c ./Core/Src/main.o
 .text.MX_DAC_Init
                0x08001b44       0x40 ./Core/Src/main.o
 .text.MX_TIM7_Init
                0x08001b84       0x4c ./Core/Src/main.o
 .text.SystemClock_Config
                0x08001bd0       0xa8 ./Core/Src/main.o
                0x08001bd0                SystemClock_Config
 .text.main     0x08001c78       0xf8 ./Core/Src/main.o
                0x08001c78                main
 .text.HAL_MspInit
                0x08001d70       0x50 ./Core/Src/stm32f4xx_hal_msp.o
                0x08001d70                HAL_MspInit
 .text.HAL_DAC_MspInit
                0x08001dc0       0xf0 ./Core/Src/stm32f4xx_hal_msp.o
                0x08001dc0                HAL_DAC_MspInit
 .text.HAL_SD_MspInit
                0x08001eb0      0x15c ./Core/Src/stm32f4xx_hal_msp.o
                0x08001eb0                HAL_SD_MspInit
 .text.HAL_SPI_MspInit
                0x0800200c       0x90 ./Core/Src/stm32f4xx_hal_msp.o
                0x0800200c                HAL_SPI_MspInit
 .text.HAL_TIM_Base_MspInit
                0x0800209c       0x44 ./Core/Src/stm32f4xx_hal_msp.o
                0x0800209c                HAL_TIM_Base_MspInit
 .text.HAL_PCD_MspInit
                0x080020e0       0x98 ./Core/Src/stm32f4xx_hal_msp.o
                0x080020e0                HAL_PCD_MspInit
 .text.NMI_Handler
                0x08002178        0x8 ./Core/Src/stm32f4xx_it.o
                0x08002178                NMI_Handler
 .text.HardFault_Handler
                0x08002180        0x8 ./Core/Src/stm32f4xx_it.o
                0x08002180                HardFault_Handler
 .text.MemManage_Handler
                0x08002188        0x8 ./Core/Src/stm32f4xx_it.o
                0x08002188                MemManage_Handler
 .text.BusFault_Handler
                0x08002190        0x8 ./Core/Src/stm32f4xx_it.o
                0x08002190                BusFault_Handler
 .text.UsageFault_Handler
                0x08002198        0x8 ./Core/Src/stm32f4xx_it.o
                0x08002198                UsageFault_Handler
 .text.SVC_Handler
                0x080021a0        0xe ./Core/Src/stm32f4xx_it.o
                0x080021a0                SVC_Handler
 .text.DebugMon_Handler
                0x080021ae        0xe ./Core/Src/stm32f4xx_it.o
                0x080021ae                DebugMon_Handler
 .text.PendSV_Handler
                0x080021bc        0xe ./Core/Src/stm32f4xx_it.o
                0x080021bc                PendSV_Handler
 .text.SysTick_Handler
                0x080021ca        0xc ./Core/Src/stm32f4xx_it.o
                0x080021ca                SysTick_Handler
 *fill*         0x080021d6        0x2 
 .text.DMA1_Stream5_IRQHandler
                0x080021d8       0x14 ./Core/Src/stm32f4xx_it.o
                0x080021d8                DMA1_Stream5_IRQHandler
 .text.DMA2_Stream3_IRQHandler
                0x080021ec       0x14 ./Core/Src/stm32f4xx_it.o
                0x080021ec                DMA2_Stream3_IRQHandler
 .text._read    0x08002200       0x3a ./Core/Src/syscalls.o
                0x08002200                _read
 .text._write   0x0800223a       0x38 ./Core/Src/syscalls.o
                0x0800223a                _write
 .text._close   0x08002272       0x18 ./Core/Src/syscalls.o
                0x08002272                _close
 .text._fstat   0x0800228a       0x20 ./Core/Src/syscalls.o
                0x0800228a                _fstat
 .text._isatty  0x080022aa       0x16 ./Core/Src/syscalls.o
                0x080022aa                _isatty
 .text._lseek   0x080022c0       0x1a ./Core/Src/syscalls.o
                0x080022c0                _lseek
 *fill*         0x080022da        0x2 
 .text._sbrk    0x080022dc       0x6c ./Core/Src/sysmem.o
                0x080022dc                _sbrk
 .text.SystemInit
                0x08002348       0x24 ./Core/Src/system_stm32f4xx.o
                0x08002348                SystemInit
 .text.Reset_Handler
                0x0800236c       0x50 ./Core/Startup/startup_stm32f407zgtx.o
                0x0800236c                Reset_Handler
 .text.Default_Handler
                0x080023bc        0x2 ./Core/Startup/startup_stm32f407zgtx.o
                0x080023bc                RTC_Alarm_IRQHandler
                0x080023bc                HASH_RNG_IRQHandler
                0x080023bc                EXTI2_IRQHandler
                0x080023bc                TIM8_CC_IRQHandler
                0x080023bc                TIM1_CC_IRQHandler
                0x080023bc                DMA2_Stream5_IRQHandler
                0x080023bc                PVD_IRQHandler
                0x080023bc                SDIO_IRQHandler
                0x080023bc                TAMP_STAMP_IRQHandler
                0x080023bc                CAN2_RX1_IRQHandler
                0x080023bc                EXTI3_IRQHandler
                0x080023bc                TIM8_TRG_COM_TIM14_IRQHandler
                0x080023bc                TIM1_UP_TIM10_IRQHandler
                0x080023bc                TIM8_UP_TIM13_IRQHandler
                0x080023bc                I2C3_ER_IRQHandler
                0x080023bc                EXTI0_IRQHandler
                0x080023bc                I2C2_EV_IRQHandler
                0x080023bc                DMA1_Stream2_IRQHandler
                0x080023bc                CAN1_RX0_IRQHandler
                0x080023bc                FPU_IRQHandler
                0x080023bc                OTG_HS_WKUP_IRQHandler
                0x080023bc                CAN2_SCE_IRQHandler
                0x080023bc                DMA2_Stream2_IRQHandler
                0x080023bc                SPI1_IRQHandler
                0x080023bc                TIM6_DAC_IRQHandler
                0x080023bc                TIM1_BRK_TIM9_IRQHandler
                0x080023bc                DCMI_IRQHandler
                0x080023bc                CAN2_RX0_IRQHandler
                0x080023bc                USART6_IRQHandler
                0x080023bc                USART3_IRQHandler
                0x080023bc                CAN1_RX1_IRQHandler
                0x080023bc                UART5_IRQHandler
                0x080023bc                DMA2_Stream0_IRQHandler
                0x080023bc                TIM4_IRQHandler
                0x080023bc                I2C1_EV_IRQHandler
                0x080023bc                DMA1_Stream6_IRQHandler
                0x080023bc                DMA1_Stream1_IRQHandler
                0x080023bc                UART4_IRQHandler
                0x080023bc                TIM3_IRQHandler
                0x080023bc                RCC_IRQHandler
                0x080023bc                TIM8_BRK_TIM12_IRQHandler
                0x080023bc                Default_Handler
                0x080023bc                EXTI15_10_IRQHandler
                0x080023bc                ADC_IRQHandler
                0x080023bc                DMA1_Stream7_IRQHandler
                0x080023bc                TIM7_IRQHandler
                0x080023bc                CAN2_TX_IRQHandler
                0x080023bc                TIM5_IRQHandler
                0x080023bc                DMA2_Stream7_IRQHandler
                0x080023bc                I2C3_EV_IRQHandler
                0x080023bc                EXTI9_5_IRQHandler
                0x080023bc                RTC_WKUP_IRQHandler
                0x080023bc                ETH_WKUP_IRQHandler
                0x080023bc                SPI2_IRQHandler
                0x080023bc                OTG_HS_EP1_IN_IRQHandler
                0x080023bc                DMA1_Stream0_IRQHandler
                0x080023bc                CAN1_TX_IRQHandler
                0x080023bc                EXTI4_IRQHandler
                0x080023bc                FSMC_IRQHandler
                0x080023bc                ETH_IRQHandler
                0x080023bc                OTG_HS_EP1_OUT_IRQHandler
                0x080023bc                WWDG_IRQHandler
                0x080023bc                TIM2_IRQHandler
                0x080023bc                OTG_FS_WKUP_IRQHandler
                0x080023bc                TIM1_TRG_COM_TIM11_IRQHandler
                0x080023bc                OTG_HS_IRQHandler
                0x080023bc                EXTI1_IRQHandler
                0x080023bc                USART2_IRQHandler
                0x080023bc                I2C2_ER_IRQHandler
                0x080023bc                DMA2_Stream1_IRQHandler
                0x080023bc                CAN1_SCE_IRQHandler
                0x080023bc                FLASH_IRQHandler
                0x080023bc                DMA2_Stream4_IRQHandler
                0x080023bc                USART1_IRQHandler
                0x080023bc                OTG_FS_IRQHandler
                0x080023bc                SPI3_IRQHandler
                0x080023bc                DMA1_Stream4_IRQHandler
                0x080023bc                I2C1_ER_IRQHandler
                0x080023bc                DMA2_Stream6_IRQHandler
                0x080023bc                DMA1_Stream3_IRQHandler
 *fill*         0x080023be        0x2 
 .text.HAL_Init
                0x080023c0       0x44 ./Drivers/STM32F4xx_HAL_Driver/Src/stm32f4xx_hal.o
                0x080023c0                HAL_Init
 .text.HAL_InitTick
                0x08002404       0x60 ./Drivers/STM32F4xx_HAL_Driver/Src/stm32f4xx_hal.o
                0x08002404                HAL_InitTick
 .text.HAL_IncTick
                0x08002464       0x28 ./Drivers/STM32F4xx_HAL_Driver/Src/stm32f4xx_hal.o
                0x08002464                HAL_IncTick
 .text.HAL_GetTick
                0x0800248c       0x18 ./Drivers/STM32F4xx_HAL_Driver/Src/stm32f4xx_hal.o
                0x0800248c                HAL_GetTick
 .text.HAL_Delay
                0x080024a4       0x48 ./Drivers/STM32F4xx_HAL_Driver/Src/stm32f4xx_hal.o
                0x080024a4                HAL_Delay
 .text.__NVIC_SetPriorityGrouping
                0x080024ec       0x48 ./Drivers/STM32F4xx_HAL_Driver/Src/stm32f4xx_hal_cortex.o
 .text.__NVIC_GetPriorityGrouping
                0x08002534       0x1c ./Drivers/STM32F4xx_HAL_Driver/Src/stm32f4xx_hal_cortex.o
 .text.__NVIC_EnableIRQ
                0x08002550       0x3c ./Drivers/STM32F4xx_HAL_Driver/Src/stm32f4xx_hal_cortex.o
 .text.__NVIC_SetPriority
                0x0800258c       0x54 ./Drivers/STM32F4xx_HAL_Driver/Src/stm32f4xx_hal_cortex.o
 .text.NVIC_EncodePriority
                0x080025e0       0x66 ./Drivers/STM32F4xx_HAL_Driver/Src/stm32f4xx_hal_cortex.o
 *fill*         0x08002646        0x2 
 .text.SysTick_Config
                0x08002648       0x44 ./Drivers/STM32F4xx_HAL_Driver/Src/stm32f4xx_hal_cortex.o
 .text.HAL_NVIC_SetPriorityGrouping
                0x0800268c       0x16 ./Drivers/STM32F4xx_HAL_Driver/Src/stm32f4xx_hal_cortex.o
                0x0800268c                HAL_NVIC_SetPriorityGrouping
 .text.HAL_NVIC_SetPriority
                0x080026a2       0x38 ./Drivers/STM32F4xx_HAL_Driver/Src/stm32f4xx_hal_cortex.o
                0x080026a2                HAL_NVIC_SetPriority
 .text.HAL_NVIC_EnableIRQ
                0x080026da       0x1c ./Drivers/STM32F4xx_HAL_Driver/Src/stm32f4xx_hal_cortex.o
                0x080026da                HAL_NVIC_EnableIRQ
 .text.HAL_SYSTICK_Config
                0x080026f6       0x18 ./Drivers/STM32F4xx_HAL_Driver/Src/stm32f4xx_hal_cortex.o
                0x080026f6                HAL_SYSTICK_Config
 .text.HAL_DAC_Init
                0x0800270e       0x44 ./Drivers/STM32F4xx_HAL_Driver/Src/stm32f4xx_hal_dac.o
                0x0800270e                HAL_DAC_Init
 *fill*         0x08002752        0x2 
 .text.HAL_DAC_Start_DMA
                0x08002754      0x180 ./Drivers/STM32F4xx_HAL_Driver/Src/stm32f4xx_hal_dac.o
                0x08002754                HAL_DAC_Start_DMA
 .text.HAL_DAC_ErrorCallbackCh1
                0x080028d4       0x14 ./Drivers/STM32F4xx_HAL_Driver/Src/stm32f4xx_hal_dac.o
                0x080028d4                HAL_DAC_ErrorCallbackCh1
 .text.HAL_DAC_ConfigChannel
                0x080028e8       0xb2 ./Drivers/STM32F4xx_HAL_Driver/Src/stm32f4xx_hal_dac.o
                0x080028e8                HAL_DAC_ConfigChannel
 .text.DAC_DMAConvCpltCh1
                0x0800299a       0x22 ./Drivers/STM32F4xx_HAL_Driver/Src/stm32f4xx_hal_dac.o
                0x0800299a                DAC_DMAConvCpltCh1
 .text.DAC_DMAHalfConvCpltCh1
                0x080029bc       0x1c ./Drivers/STM32F4xx_HAL_Driver/Src/stm32f4xx_hal_dac.o
                0x080029bc                DAC_DMAHalfConvCpltCh1
 .text.DAC_DMAErrorCh1
                0x080029d8       0x2e ./Drivers/STM32F4xx_HAL_Driver/Src/stm32f4xx_hal_dac.o
                0x080029d8                DAC_DMAErrorCh1
 .text.HAL_DACEx_ConvCpltCallbackCh2
                0x08002a06       0x14 ./Drivers/STM32F4xx_HAL_Driver/Src/stm32f4xx_hal_dac_ex.o
                0x08002a06                HAL_DACEx_ConvCpltCallbackCh2
 .text.HAL_DACEx_ConvHalfCpltCallbackCh2
                0x08002a1a       0x14 ./Drivers/STM32F4xx_HAL_Driver/Src/stm32f4xx_hal_dac_ex.o
                0x08002a1a                HAL_DACEx_ConvHalfCpltCallbackCh2
 .text.HAL_DACEx_ErrorCallbackCh2
                0x08002a2e       0x14 ./Drivers/STM32F4xx_HAL_Driver/Src/stm32f4xx_hal_dac_ex.o
                0x08002a2e                HAL_DACEx_ErrorCallbackCh2
 .text.DAC_DMAConvCpltCh2
                0x08002a42       0x22 ./Drivers/STM32F4xx_HAL_Driver/Src/stm32f4xx_hal_dac_ex.o
                0x08002a42                DAC_DMAConvCpltCh2
 .text.DAC_DMAHalfConvCpltCh2
                0x08002a64       0x1c ./Drivers/STM32F4xx_HAL_Driver/Src/stm32f4xx_hal_dac_ex.o
                0x08002a64                DAC_DMAHalfConvCpltCh2
 .text.DAC_DMAErrorCh2
                0x08002a80       0x2e ./Drivers/STM32F4xx_HAL_Driver/Src/stm32f4xx_hal_dac_ex.o
                0x08002a80                DAC_DMAErrorCh2
 *fill*         0x08002aae        0x2 
 .text.HAL_DMA_Init
                0x08002ab0      0x15c ./Drivers/STM32F4xx_HAL_Driver/Src/stm32f4xx_hal_dma.o
                0x08002ab0                HAL_DMA_Init
 .text.HAL_DMA_Start_IT
                0x08002c0c       0xb0 ./Drivers/STM32F4xx_HAL_Driver/Src/stm32f4xx_hal_dma.o
                0x08002c0c                HAL_DMA_Start_IT
 .text.HAL_DMA_IRQHandler
                0x08002cbc      0x314 ./Drivers/STM32F4xx_HAL_Driver/Src/stm32f4xx_hal_dma.o
                0x08002cbc                HAL_DMA_IRQHandler
 .text.DMA_SetConfig
                0x08002fd0       0x5c ./Drivers/STM32F4xx_HAL_Driver/Src/stm32f4xx_hal_dma.o
 .text.DMA_CalcBaseAndBitshift
                0x0800302c       0x6c ./Drivers/STM32F4xx_HAL_Driver/Src/stm32f4xx_hal_dma.o
 .text.DMA_CheckFifoParam
                0x08003098       0xf8 ./Drivers/STM32F4xx_HAL_Driver/Src/stm32f4xx_hal_dma.o
 .text.HAL_GPIO_Init
                0x08003190      0x338 ./Drivers/STM32F4xx_HAL_Driver/Src/stm32f4xx_hal_gpio.o
                0x08003190                HAL_GPIO_Init
 .text.HAL_GPIO_ReadPin
                0x080034c8       0x30 ./Drivers/STM32F4xx_HAL_Driver/Src/stm32f4xx_hal_gpio.o
                0x080034c8                HAL_GPIO_ReadPin
 .text.HAL_GPIO_WritePin
                0x080034f8       0x32 ./Drivers/STM32F4xx_HAL_Driver/Src/stm32f4xx_hal_gpio.o
                0x080034f8                HAL_GPIO_WritePin
 .text.HAL_PCD_Init
                0x0800352a      0x21e ./Drivers/STM32F4xx_HAL_Driver/Src/stm32f4xx_hal_pcd.o
                0x0800352a                HAL_PCD_Init
 .text.HAL_RCC_OscConfig
                0x08003748      0x4f0 ./Drivers/STM32F4xx_HAL_Driver/Src/stm32f4xx_hal_rcc.o
                0x08003748                HAL_RCC_OscConfig
 .text.HAL_RCC_ClockConfig
                0x08003c38      0x1cc ./Drivers/STM32F4xx_HAL_Driver/Src/stm32f4xx_hal_rcc.o
                0x08003c38                HAL_RCC_ClockConfig
 .text.HAL_RCC_GetSysClockFreq
                0x08003e04      0x20c ./Drivers/STM32F4xx_HAL_Driver/Src/stm32f4xx_hal_rcc.o
                0x08003e04                HAL_RCC_GetSysClockFreq
 .text.HAL_SD_Init
                0x08004010       0x60 ./Drivers/STM32F4xx_HAL_Driver/Src/stm32f4xx_hal_sd.o
                0x08004010                HAL_SD_Init
 .text.HAL_SD_InitCard
                0x08004070       0xf0 ./Drivers/STM32F4xx_HAL_Driver/Src/stm32f4xx_hal_sd.o
                0x08004070                HAL_SD_InitCard
 .text.HAL_SD_ReadBlocks
                0x08004160      0x3cc ./Drivers/STM32F4xx_HAL_Driver/Src/stm32f4xx_hal_sd.o
                0x08004160                HAL_SD_ReadBlocks
 .text.HAL_SD_WriteBlocks
                0x0800452c      0x31c ./Drivers/STM32F4xx_HAL_Driver/Src/stm32f4xx_hal_sd.o
                0x0800452c                HAL_SD_WriteBlocks
 .text.HAL_SD_GetCardCSD
                0x08004848      0x348 ./Drivers/STM32F4xx_HAL_Driver/Src/stm32f4xx_hal_sd.o
                0x08004848                HAL_SD_GetCardCSD
 .text.HAL_SD_GetCardInfo
                0x08004b90       0x58 ./Drivers/STM32F4xx_HAL_Driver/Src/stm32f4xx_hal_sd.o
                0x08004b90                HAL_SD_GetCardInfo
 .text.HAL_SD_ConfigWideBusOperation
                0x08004be8      0x134 ./Drivers/STM32F4xx_HAL_Driver/Src/stm32f4xx_hal_sd.o
                0x08004be8                HAL_SD_ConfigWideBusOperation
 .text.HAL_SD_GetCardState
                0x08004d1c       0x40 ./Drivers/STM32F4xx_HAL_Driver/Src/stm32f4xx_hal_sd.o
                0x08004d1c                HAL_SD_GetCardState
 .text.SD_InitCard
                0x08004d5c      0x19c ./Drivers/STM32F4xx_HAL_Driver/Src/stm32f4xx_hal_sd.o
 .text.SD_PowerON
                0x08004ef8      0x11c ./Drivers/STM32F4xx_HAL_Driver/Src/stm32f4xx_hal_sd.o
 .text.SD_SendStatus
                0x08005014       0x50 ./Drivers/STM32F4xx_HAL_Driver/Src/stm32f4xx_hal_sd.o
 .text.SD_WideBus_Enable
                0x08005064       0x96 ./Drivers/STM32F4xx_HAL_Driver/Src/stm32f4xx_hal_sd.o
 .text.SD_WideBus_Disable
                0x080050fa       0x96 ./Drivers/STM32F4xx_HAL_Driver/Src/stm32f4xx_hal_sd.o
 .text.SD_FindSCR
                0x08005190      0x1b4 ./Drivers/STM32F4xx_HAL_Driver/Src/stm32f4xx_hal_sd.o
 .text.HAL_SPI_Init
                0x08005344      0x112 ./Drivers/STM32F4xx_HAL_Driver/Src/stm32f4xx_hal_spi.o
                0x08005344                HAL_SPI_Init
 .text.HAL_SPI_Transmit
                0x08005456      0x288 ./Drivers/STM32F4xx_HAL_Driver/Src/stm32f4xx_hal_spi.o
                0x08005456                HAL_SPI_Transmit
 *fill*         0x080056de        0x2 
 .text.SPI_WaitFlagStateUntilTimeout
                0x080056e0      0x110 ./Drivers/STM32F4xx_HAL_Driver/Src/stm32f4xx_hal_spi.o
 .text.SPI_EndRxTxTransaction
                0x080057f0       0xa8 ./Drivers/STM32F4xx_HAL_Driver/Src/stm32f4xx_hal_spi.o
 .text.HAL_TIM_Base_Init
                0x08005898       0x9e ./Drivers/STM32F4xx_HAL_Driver/Src/stm32f4xx_hal_tim.o
                0x08005898                HAL_TIM_Base_Init
 *fill*         0x08005936        0x2 
 .text.HAL_TIM_Base_Start
                0x08005938       0xd0 ./Drivers/STM32F4xx_HAL_Driver/Src/stm32f4xx_hal_tim.o
                0x08005938                HAL_TIM_Base_Start
 .text.TIM_Base_SetConfig
                0x08005a08      0x14c ./Drivers/STM32F4xx_HAL_Driver/Src/stm32f4xx_hal_tim.o
                0x08005a08                TIM_Base_SetConfig
 .text.HAL_TIMEx_MasterConfigSynchronization
                0x08005b54       0xf8 ./Drivers/STM32F4xx_HAL_Driver/Src/stm32f4xx_hal_tim_ex.o
                0x08005b54                HAL_TIMEx_MasterConfigSynchronization
 .text.SDIO_Init
                0x08005c4c       0x56 ./Drivers/STM32F4xx_HAL_Driver/Src/stm32f4xx_ll_sdmmc.o
                0x08005c4c                SDIO_Init
 .text.SDIO_ReadFIFO
                0x08005ca2       0x1a ./Drivers/STM32F4xx_HAL_Driver/Src/stm32f4xx_ll_sdmmc.o
                0x08005ca2                SDIO_ReadFIFO
 .text.SDIO_WriteFIFO
                0x08005cbc       0x22 ./Drivers/STM32F4xx_HAL_Driver/Src/stm32f4xx_ll_sdmmc.o
                0x08005cbc                SDIO_WriteFIFO
 .text.SDIO_PowerState_ON
                0x08005cde       0x1c ./Drivers/STM32F4xx_HAL_Driver/Src/stm32f4xx_ll_sdmmc.o
                0x08005cde                SDIO_PowerState_ON
 .text.SDIO_GetPowerState
                0x08005cfa       0x1c ./Drivers/STM32F4xx_HAL_Driver/Src/stm32f4xx_ll_sdmmc.o
                0x08005cfa                SDIO_GetPowerState
 .text.SDIO_SendCommand
                0x08005d16       0x54 ./Drivers/STM32F4xx_HAL_Driver/Src/stm32f4xx_ll_sdmmc.o
                0x08005d16                SDIO_SendCommand
 .text.SDIO_GetCommandResponse
                0x08005d6a       0x1a ./Drivers/STM32F4xx_HAL_Driver/Src/stm32f4xx_ll_sdmmc.o
                0x08005d6a                SDIO_GetCommandResponse
 .text.SDIO_GetResponse
                0x08005d84       0x26 ./Drivers/STM32F4xx_HAL_Driver/Src/stm32f4xx_ll_sdmmc.o
                0x08005d84                SDIO_GetResponse
 .text.SDIO_ConfigData
                0x08005daa       0x58 ./Drivers/STM32F4xx_HAL_Driver/Src/stm32f4xx_ll_sdmmc.o
                0x08005daa                SDIO_ConfigData
 .text.SDMMC_CmdBlockLength
                0x08005e02       0x44 ./Drivers/STM32F4xx_HAL_Driver/Src/stm32f4xx_ll_sdmmc.o
                0x08005e02                SDMMC_CmdBlockLength
 .text.SDMMC_CmdReadSingleBlock
                0x08005e46       0x44 ./Drivers/STM32F4xx_HAL_Driver/Src/stm32f4xx_ll_sdmmc.o
                0x08005e46                SDMMC_CmdReadSingleBlock
 .text.SDMMC_CmdReadMultiBlock
                0x08005e8a       0x44 ./Drivers/STM32F4xx_HAL_Driver/Src/stm32f4xx_ll_sdmmc.o
                0x08005e8a                SDMMC_CmdReadMultiBlock
 .text.SDMMC_CmdWriteSingleBlock
                0x08005ece       0x44 ./Drivers/STM32F4xx_HAL_Driver/Src/stm32f4xx_ll_sdmmc.o
                0x08005ece                SDMMC_CmdWriteSingleBlock
 .text.SDMMC_CmdWriteMultiBlock
                0x08005f12       0x44 ./Drivers/STM32F4xx_HAL_Driver/Src/stm32f4xx_ll_sdmmc.o
                0x08005f12                SDMMC_CmdWriteMultiBlock
 *fill*         0x08005f56        0x2 
 .text.SDMMC_CmdStopTransfer
                0x08005f58       0x44 ./Drivers/STM32F4xx_HAL_Driver/Src/stm32f4xx_ll_sdmmc.o
                0x08005f58                SDMMC_CmdStopTransfer
 .text.SDMMC_CmdSelDesel
                0x08005f9c       0x46 ./Drivers/STM32F4xx_HAL_Driver/Src/stm32f4xx_ll_sdmmc.o
                0x08005f9c                SDMMC_CmdSelDesel
 .text.SDMMC_CmdGoIdleState
                0x08005fe2       0x3c ./Drivers/STM32F4xx_HAL_Driver/Src/stm32f4xx_ll_sdmmc.o
                0x08005fe2                SDMMC_CmdGoIdleState
 .text.SDMMC_CmdOperCond
                0x0800601e       0x3e ./Drivers/STM32F4xx_HAL_Driver/Src/stm32f4xx_ll_sdmmc.o
                0x0800601e                SDMMC_CmdOperCond
 .text.SDMMC_CmdAppCommand
                0x0800605c       0x44 ./Drivers/STM32F4xx_HAL_Driver/Src/stm32f4xx_ll_sdmmc.o
                0x0800605c                SDMMC_CmdAppCommand
 .text.SDMMC_CmdAppOperCommand
                0x080060a0       0x46 ./Drivers/STM32F4xx_HAL_Driver/Src/stm32f4xx_ll_sdmmc.o
                0x080060a0                SDMMC_CmdAppOperCommand
 .text.SDMMC_CmdBusWidth
                0x080060e6       0x44 ./Drivers/STM32F4xx_HAL_Driver/Src/stm32f4xx_ll_sdmmc.o
                0x080060e6                SDMMC_CmdBusWidth
 .text.SDMMC_CmdSendSCR
                0x0800612a       0x42 ./Drivers/STM32F4xx_HAL_Driver/Src/stm32f4xx_ll_sdmmc.o
                0x0800612a                SDMMC_CmdSendSCR
 .text.SDMMC_CmdSendCID
                0x0800616c       0x3c ./Drivers/STM32F4xx_HAL_Driver/Src/stm32f4xx_ll_sdmmc.o
                0x0800616c                SDMMC_CmdSendCID
 .text.SDMMC_CmdSendCSD
                0x080061a8       0x3e ./Drivers/STM32F4xx_HAL_Driver/Src/stm32f4xx_ll_sdmmc.o
                0x080061a8                SDMMC_CmdSendCSD
 .text.SDMMC_CmdSetRelAdd
                0x080061e6       0x42 ./Drivers/STM32F4xx_HAL_Driver/Src/stm32f4xx_ll_sdmmc.o
                0x080061e6                SDMMC_CmdSetRelAdd
 .text.SDMMC_CmdSendStatus
                0x08006228       0x44 ./Drivers/STM32F4xx_HAL_Driver/Src/stm32f4xx_ll_sdmmc.o
                0x08006228                SDMMC_CmdSendStatus
 .text.SDMMC_GetCmdResp1
                0x0800626c      0x1dc ./Drivers/STM32F4xx_HAL_Driver/Src/stm32f4xx_ll_sdmmc.o
                0x0800626c                SDMMC_GetCmdResp1
 .text.SDMMC_GetCmdResp2
                0x08006448       0x90 ./Drivers/STM32F4xx_HAL_Driver/Src/stm32f4xx_ll_sdmmc.o
                0x08006448                SDMMC_GetCmdResp2
 .text.SDMMC_GetCmdResp3
                0x080064d8       0x7c ./Drivers/STM32F4xx_HAL_Driver/Src/stm32f4xx_ll_sdmmc.o
                0x080064d8                SDMMC_GetCmdResp3
 .text.SDMMC_GetCmdResp6
                0x08006554       0xec ./Drivers/STM32F4xx_HAL_Driver/Src/stm32f4xx_ll_sdmmc.o
                0x08006554                SDMMC_GetCmdResp6
 .text.SDMMC_GetCmdResp7
                0x08006640       0x9c ./Drivers/STM32F4xx_HAL_Driver/Src/stm32f4xx_ll_sdmmc.o
                0x08006640                SDMMC_GetCmdResp7
 .text.SDMMC_GetCmdError
                0x080066dc       0x58 ./Drivers/STM32F4xx_HAL_Driver/Src/stm32f4xx_ll_sdmmc.o
 .text.USB_CoreInit
                0x08006734       0xc8 ./Drivers/STM32F4xx_HAL_Driver/Src/stm32f4xx_ll_usb.o
                0x08006734                USB_CoreInit
 .text.USB_DisableGlobalInt
                0x080067fc       0x22 ./Drivers/STM32F4xx_HAL_Driver/Src/stm32f4xx_ll_usb.o
                0x080067fc                USB_DisableGlobalInt
 .text.USB_SetCurrentMode
                0x0800681e       0x98 ./Drivers/STM32F4xx_HAL_Driver/Src/stm32f4xx_ll_usb.o
                0x0800681e                USB_SetCurrentMode
 *fill*         0x080068b6        0x2 
 .text.USB_DevInit
                0x080068b8      0x2c8 ./Drivers/STM32F4xx_HAL_Driver/Src/stm32f4xx_ll_usb.o
                0x080068b8                USB_DevInit
 .text.USB_FlushTxFifo
                0x08006b80       0x64 ./Drivers/STM32F4xx_HAL_Driver/Src/stm32f4xx_ll_usb.o
                0x08006b80                USB_FlushTxFifo
 .text.USB_FlushRxFifo
                0x08006be4       0x5c ./Drivers/STM32F4xx_HAL_Driver/Src/stm32f4xx_ll_usb.o
                0x08006be4                USB_FlushRxFifo
 .text.USB_SetDevSpeed
                0x08006c40       0x32 ./Drivers/STM32F4xx_HAL_Driver/Src/stm32f4xx_ll_usb.o
                0x08006c40                USB_SetDevSpeed
 .text.USB_DevDisconnect
                0x08006c72       0x42 ./Drivers/STM32F4xx_HAL_Driver/Src/stm32f4xx_ll_usb.o
                0x08006c72                USB_DevDisconnect
 .text.USB_GetMode
                0x08006cb4       0x1c ./Drivers/STM32F4xx_HAL_Driver/Src/stm32f4xx_ll_usb.o
                0x08006cb4                USB_GetMode
 .text.USB_CoreReset
                0x08006cd0       0x70 ./Drivers/STM32F4xx_HAL_Driver/Src/stm32f4xx_ll_usb.o
 .text.MX_FATFS_Init
                0x08006d40       0x24 ./FATFS/App/fatfs.o
                0x08006d40                MX_FATFS_Init
 .text.get_fattime
                0x08006d64       0x10 ./FATFS/App/fatfs.o
                0x08006d64                get_fattime
 .text.BSP_SD_Init
                0x08006d74       0x30 ./FATFS/Target/bsp_driver_sd.o
                0x08006d74                BSP_SD_Init
 .text.BSP_SD_ReadBlocks
                0x08006da4       0x3c ./FATFS/Target/bsp_driver_sd.o
                0x08006da4                BSP_SD_ReadBlocks
 .text.BSP_SD_WriteBlocks
                0x08006de0       0x3c ./FATFS/Target/bsp_driver_sd.o
                0x08006de0                BSP_SD_WriteBlocks
 .text.BSP_SD_GetCardState
                0x08006e1c       0x20 ./FATFS/Target/bsp_driver_sd.o
                0x08006e1c                BSP_SD_GetCardState
 .text.BSP_SD_GetCardInfo
                0x08006e3c       0x1c ./FATFS/Target/bsp_driver_sd.o
                0x08006e3c                BSP_SD_GetCardInfo
 .text.SD_CheckStatus
                0x08006e58       0x3c ./FATFS/Target/sd_diskio.o
 .text.SD_initialize
                0x08006e94       0x3c ./FATFS/Target/sd_diskio.o
                0x08006e94                SD_initialize
 .text.SD_status
                0x08006ed0       0x1c ./FATFS/Target/sd_diskio.o
                0x08006ed0                SD_status
 .text.SD_read  0x08006eec       0x42 ./FATFS/Target/sd_diskio.o
                0x08006eec                SD_read
 .text.SD_write
                0x08006f2e       0x42 ./FATFS/Target/sd_diskio.o
                0x08006f2e                SD_write
 .text.SD_ioctl
                0x08006f70       0xb0 ./FATFS/Target/sd_diskio.o
                0x08006f70                SD_ioctl
 .text.disk_status
                0x08007020       0x34 ./Middlewares/Third_Party/FatFs/src/diskio.o
                0x08007020                disk_status
 .text.disk_initialize
                0x08007054       0x50 ./Middlewares/Third_Party/FatFs/src/diskio.o
                0x08007054                disk_initialize
 .text.disk_read
                0x080070a4       0x40 ./Middlewares/Third_Party/FatFs/src/diskio.o
                0x080070a4                disk_read
 .text.disk_write
                0x080070e4       0x40 ./Middlewares/Third_Party/FatFs/src/diskio.o
                0x080070e4                disk_write
 .text.disk_ioctl
                0x08007124       0x3c ./Middlewares/Third_Party/FatFs/src/diskio.o
                0x08007124                disk_ioctl
 .text.ld_word  0x08007160       0x32 ./Middlewares/Third_Party/FatFs/src/ff.o
 .text.ld_dword
                0x08007192       0x46 ./Middlewares/Third_Party/FatFs/src/ff.o
 .text.st_word  0x080071d8       0x36 ./Middlewares/Third_Party/FatFs/src/ff.o
 .text.st_dword
                0x0800720e       0x58 ./Middlewares/Third_Party/FatFs/src/ff.o
 .text.mem_cpy  0x08007266       0x42 ./Middlewares/Third_Party/FatFs/src/ff.o
 .text.mem_set  0x080072a8       0x36 ./Middlewares/Third_Party/FatFs/src/ff.o
 .text.mem_cmp  0x080072de       0x4e ./Middlewares/Third_Party/FatFs/src/ff.o
 .text.chk_chr  0x0800732c       0x36 ./Middlewares/Third_Party/FatFs/src/ff.o
 *fill*         0x08007362        0x2 
 .text.chk_lock
                0x08007364       0xb8 ./Middlewares/Third_Party/FatFs/src/ff.o
 .text.enq_lock
                0x0800741c       0x44 ./Middlewares/Third_Party/FatFs/src/ff.o
 .text.inc_lock
                0x08007460      0x11c ./Middlewares/Third_Party/FatFs/src/ff.o
 .text.dec_lock
                0x0800757c       0x78 ./Middlewares/Third_Party/FatFs/src/ff.o
 .text.clear_lock
                0x080075f4       0x48 ./Middlewares/Third_Party/FatFs/src/ff.o
 .text.sync_window
                0x0800763c       0x88 ./Middlewares/Third_Party/FatFs/src/ff.o
 .text.move_window
                0x080076c4       0x5a ./Middlewares/Third_Party/FatFs/src/ff.o
 *fill*         0x0800771e        0x2 
 .text.sync_fs  0x08007720       0xdc ./Middlewares/Third_Party/FatFs/src/ff.o
 .text.clust2sect
                0x080077fc       0x3e ./Middlewares/Third_Party/FatFs/src/ff.o
 .text.get_fat  0x0800783a      0x14e ./Middlewares/Third_Party/FatFs/src/ff.o
 .text.put_fat  0x08007988      0x1d4 ./Middlewares/Third_Party/FatFs/src/ff.o
 .text.remove_chain
                0x08007b5c       0xca ./Middlewares/Third_Party/FatFs/src/ff.o
 .text.create_chain
                0x08007c26      0x130 ./Middlewares/Third_Party/FatFs/src/ff.o
 .text.clmt_clust
                0x08007d56       0x68 ./Middlewares/Third_Party/FatFs/src/ff.o
 .text.dir_sdi  0x08007dbe       0xf6 ./Middlewares/Third_Party/FatFs/src/ff.o
 .text.dir_next
                0x08007eb4      0x18a ./Middlewares/Third_Party/FatFs/src/ff.o
 .text.dir_alloc
                0x0800803e       0x8e ./Middlewares/Third_Party/FatFs/src/ff.o
 .text.ld_clust
                0x080080cc       0x3e ./Middlewares/Third_Party/FatFs/src/ff.o
 .text.st_clust
                0x0800810a       0x40 ./Middlewares/Third_Party/FatFs/src/ff.o
 *fill*         0x0800814a        0x2 
 .text.cmp_lfn  0x0800814c       0xe0 ./Middlewares/Third_Party/FatFs/src/ff.o
 .text.put_lfn  0x0800822c       0xd0 ./Middlewares/Third_Party/FatFs/src/ff.o
 .text.gen_numname
                0x080082fc      0x11c ./Middlewares/Third_Party/FatFs/src/ff.o
 .text.sum_sfn  0x08008418       0x42 ./Middlewares/Third_Party/FatFs/src/ff.o
 .text.dir_find
                0x0800845a      0x180 ./Middlewares/Third_Party/FatFs/src/ff.o
 *fill*         0x080085da        0x2 
 .text.dir_register
                0x080085dc      0x1f0 ./Middlewares/Third_Party/FatFs/src/ff.o
 .text.create_name
                0x080087cc      0x370 ./Middlewares/Third_Party/FatFs/src/ff.o
 .text.follow_path
                0x08008b3c       0xe2 ./Middlewares/Third_Party/FatFs/src/ff.o
 .text.get_ldnumber
                0x08008c1e       0x88 ./Middlewares/Third_Party/FatFs/src/ff.o
 *fill*         0x08008ca6        0x2 
 .text.check_fs
                0x08008ca8       0xac ./Middlewares/Third_Party/FatFs/src/ff.o
 .text.find_volume
                0x08008d54      0x4a0 ./Middlewares/Third_Party/FatFs/src/ff.o
 .text.validate
                0x080091f4       0x6a ./Middlewares/Third_Party/FatFs/src/ff.o
 *fill*         0x0800925e        0x2 
 .text.f_mount  0x08009260       0x8c ./Middlewares/Third_Party/FatFs/src/ff.o
                0x08009260                f_mount
 .text.f_open   0x080092ec      0x374 ./Middlewares/Third_Party/FatFs/src/ff.o
                0x080092ec                f_open
 .text.f_read   0x08009660      0x27e ./Middlewares/Third_Party/FatFs/src/ff.o
                0x08009660                f_read
 .text.f_sync   0x080098de       0xfc ./Middlewares/Third_Party/FatFs/src/ff.o
                0x080098de                f_sync
 .text.f_close  0x080099da       0x54 ./Middlewares/Third_Party/FatFs/src/ff.o
                0x080099da                f_close
 .text.f_lseek  0x08009a2e      0x412 ./Middlewares/Third_Party/FatFs/src/ff.o
                0x08009a2e                f_lseek
 .text.FATFS_LinkDriverEx
                0x08009e40       0x98 ./Middlewares/Third_Party/FatFs/src/ff_gen_drv.o
                0x08009e40                FATFS_LinkDriverEx
 .text.FATFS_LinkDriver
                0x08009ed8       0x1e ./Middlewares/Third_Party/FatFs/src/ff_gen_drv.o
                0x08009ed8                FATFS_LinkDriver
 *fill*         0x08009ef6        0x2 
 .text.ff_convert
                0x08009ef8       0x78 ./Middlewares/Third_Party/FatFs/src/option/ccsbcs.o
                0x08009ef8                ff_convert
 .text.ff_wtoupper
                0x08009f70      0x114 ./Middlewares/Third_Party/FatFs/src/option/ccsbcs.o
                0x08009f70                ff_wtoupper
 .text.std      0x0800a084       0x6c C:/ST/STM32CubeIDE_2.0.0/STM32CubeIDE/plugins/com.st.stm32cube.ide.mcu.externaltools.gnu-tools-for-stm32.13.3.rel1.win32_1.0.100.202509120712/tools/bin/../lib/gcc/arm-none-eabi/13.3.1/../../../../arm-none-eabi/lib/thumb/v7e-m+fp/hard\libc_nano.a(libc_a-findfp.o)
 .text.stdio_exit_handler
                0x0800a0f0       0x18 C:/ST/STM32CubeIDE_2.0.0/STM32CubeIDE/plugins/com.st.stm32cube.ide.mcu.externaltools.gnu-tools-for-stm32.13.3.rel1.win32_1.0.100.202509120712/tools/bin/../lib/gcc/arm-none-eabi/13.3.1/../../../../arm-none-eabi/lib/thumb/v7e-m+fp/hard\libc_nano.a(libc_a-findfp.o)
 .text.cleanup_stdio
                0x0800a108       0x40 C:/ST/STM32CubeIDE_2.0.0/STM32CubeIDE/plugins/com.st.stm32cube.ide.mcu.externaltools.gnu-tools-for-stm32.13.3.rel1.win32_1.0.100.202509120712/tools/bin/../lib/gcc/arm-none-eabi/13.3.1/../../../../arm-none-eabi/lib/thumb/v7e-m+fp/hard\libc_nano.a(libc_a-findfp.o)
 .text.global_stdio_init.part.0
                0x0800a148       0x3c C:/ST/STM32CubeIDE_2.0.0/STM32CubeIDE/plugins/com.st.stm32cube.ide.mcu.externaltools.gnu-tools-for-stm32.13.3.rel1.win32_1.0.100.202509120712/tools/bin/../lib/gcc/arm-none-eabi/13.3.1/../../../../arm-none-eabi/lib/thumb/v7e-m+fp/hard\libc_nano.a(libc_a-findfp.o)
 .text.__sfp_lock_acquire
                0x0800a184        0xc C:/ST/STM32CubeIDE_2.0.0/STM32CubeIDE/plugins/com.st.stm32cube.ide.mcu.externaltools.gnu-tools-for-stm32.13.3.rel1.win32_1.0.100.202509120712/tools/bin/../lib/gcc/arm-none-eabi/13.3.1/../../../../arm-none-eabi/lib/thumb/v7e-m+fp/hard\libc_nano.a(libc_a-findfp.o)
                0x0800a184                __sfp_lock_acquire
 .text.__sfp_lock_release
                0x0800a190        0xc C:/ST/STM32CubeIDE_2.0.0/STM32CubeIDE/plugins/com.st.stm32cube.ide.mcu.externaltools.gnu-tools-for-stm32.13.3.rel1.win32_1.0.100.202509120712/tools/bin/../lib/gcc/arm-none-eabi/13.3.1/../../../../arm-none-eabi/lib/thumb/v7e-m+fp/hard\libc_nano.a(libc_a-findfp.o)
                0x0800a190                __sfp_lock_release
 .text.__sinit  0x0800a19c       0x30 C:/ST/STM32CubeIDE_2.0.0/STM32CubeIDE/plugins/com.st.stm32cube.ide.mcu.externaltools.gnu-tools-for-stm32.13.3.rel1.win32_1.0.100.202509120712/tools/bin/../lib/gcc/arm-none-eabi/13.3.1/../../../../arm-none-eabi/lib/thumb/v7e-m+fp/hard\libc_nano.a(libc_a-findfp.o)
                0x0800a19c                __sinit
 .text._fwalk_sglue
                0x0800a1cc       0x3c C:/ST/STM32CubeIDE_2.0.0/STM32CubeIDE/plugins/com.st.stm32cube.ide.mcu.externaltools.gnu-tools-for-stm32.13.3.rel1.win32_1.0.100.202509120712/tools/bin/../lib/gcc/arm-none-eabi/13.3.1/../../../../arm-none-eabi/lib/thumb/v7e-m+fp/hard\libc_nano.a(libc_a-fwalk.o)
                0x0800a1cc                _fwalk_sglue
 .text.printf   0x0800a208       0x24 C:/ST/STM32CubeIDE_2.0.0/STM32CubeIDE/plugins/com.st.stm32cube.ide.mcu.externaltools.gnu-tools-for-stm32.13.3.rel1.win32_1.0.100.202509120712/tools/bin/../lib/gcc/arm-none-eabi/13.3.1/../../../../arm-none-eabi/lib/thumb/v7e-m+fp/hard\libc_nano.a(libc_a-printf.o)
                0x0800a208                iprintf
                0x0800a208                printf
 .text._puts_r  0x0800a22c       0xaa C:/ST/STM32CubeIDE_2.0.0/STM32CubeIDE/plugins/com.st.stm32cube.ide.mcu.externaltools.gnu-tools-for-stm32.13.3.rel1.win32_1.0.100.202509120712/tools/bin/../lib/gcc/arm-none-eabi/13.3.1/../../../../arm-none-eabi/lib/thumb/v7e-m+fp/hard\libc_nano.a(libc_a-puts.o)
                0x0800a22c                _puts_r
 *fill*         0x0800a2d6        0x2 
 .text.puts     0x0800a2d8       0x10 C:/ST/STM32CubeIDE_2.0.0/STM32CubeIDE/plugins/com.st.stm32cube.ide.mcu.externaltools.gnu-tools-for-stm32.13.3.rel1.win32_1.0.100.202509120712/tools/bin/../lib/gcc/arm-none-eabi/13.3.1/../../../../arm-none-eabi/lib/thumb/v7e-m+fp/hard\libc_nano.a(libc_a-puts.o)
                0x0800a2d8                puts
 .text.snprintf
                0x0800a2e8       0x6c C:/ST/STM32CubeIDE_2.0.0/STM32CubeIDE/plugins/com.st.stm32cube.ide.mcu.externaltools.gnu-tools-for-stm32.13.3.rel1.win32_1.0.100.202509120712/tools/bin/../lib/gcc/arm-none-eabi/13.3.1/../../../../arm-none-eabi/lib/thumb/v7e-m+fp/hard\libc_nano.a(libc_a-snprintf.o)
                0x0800a2e8                sniprintf
                0x0800a2e8                snprintf
 .text.__sread  0x0800a354       0x22 C:/ST/STM32CubeIDE_2.0.0/STM32CubeIDE/plugins/com.st.stm32cube.ide.mcu.externaltools.gnu-tools-for-stm32.13.3.rel1.win32_1.0.100.202509120712/tools/bin/../lib/gcc/arm-none-eabi/13.3.1/../../../../arm-none-eabi/lib/thumb/v7e-m+fp/hard\libc_nano.a(libc_a-stdio.o)
                0x0800a354                __sread
 .text.__swrite
                0x0800a376       0x38 C:/ST/STM32CubeIDE_2.0.0/STM32CubeIDE/plugins/com.st.stm32cube.ide.mcu.externaltools.gnu-tools-for-stm32.13.3.rel1.win32_1.0.100.202509120712/tools/bin/../lib/gcc/arm-none-eabi/13.3.1/../../../../arm-none-eabi/lib/thumb/v7e-m+fp/hard\libc_nano.a(libc_a-stdio.o)
                0x0800a376                __swrite
 .text.__sseek  0x0800a3ae       0x24 C:/ST/STM32CubeIDE_2.0.0/STM32CubeIDE/plugins/com.st.stm32cube.ide.mcu.externaltools.gnu-tools-for-stm32.13.3.rel1.win32_1.0.100.202509120712/tools/bin/../lib/gcc/arm-none-eabi/13.3.1/../../../../arm-none-eabi/lib/thumb/v7e-m+fp/hard\libc_nano.a(libc_a-stdio.o)
                0x0800a3ae                __sseek
 .text.__sclose
                0x0800a3d2        0x8 C:/ST/STM32CubeIDE_2.0.0/STM32CubeIDE/plugins/com.st.stm32cube.ide.mcu.externaltools.gnu-tools-for-stm32.13.3.rel1.win32_1.0.100.202509120712/tools/bin/../lib/gcc/arm-none-eabi/13.3.1/../../../../arm-none-eabi/lib/thumb/v7e-m+fp/hard\libc_nano.a(libc_a-stdio.o)
                0x0800a3d2                __sclose
 .text.__swbuf_r
                0x0800a3da       0x7c C:/ST/STM32CubeIDE_2.0.0/STM32CubeIDE/plugins/com.st.stm32cube.ide.mcu.externaltools.gnu-tools-for-stm32.13.3.rel1.win32_1.0.100.202509120712/tools/bin/../lib/gcc/arm-none-eabi/13.3.1/../../../../arm-none-eabi/lib/thumb/v7e-m+fp/hard\libc_nano.a(libc_a-wbuf.o)
                0x0800a3da                __swbuf_r
 *fill*         0x0800a456        0x2 
 .text.__swsetup_r
                0x0800a458       0xac C:/ST/STM32CubeIDE_2.0.0/STM32CubeIDE/plugins/com.st.stm32cube.ide.mcu.externaltools.gnu-tools-for-stm32.13.3.rel1.win32_1.0.100.202509120712/tools/bin/../lib/gcc/arm-none-eabi/13.3.1/../../../../arm-none-eabi/lib/thumb/v7e-m+fp/hard\libc_nano.a(libc_a-wsetup.o)
                0x0800a458                __swsetup_r
 .text.memset   0x0800a504       0x10 C:/ST/STM32CubeIDE_2.0.0/STM32CubeIDE/plugins/com.st.stm32cube.ide.mcu.externaltools.gnu-tools-for-stm32.13.3.rel1.win32_1.0.100.202509120712/tools/bin/../lib/gcc/arm-none-eabi/13.3.1/../../../../arm-none-eabi/lib/thumb/v7e-m+fp/hard\libc_nano.a(libc_a-memset.o)
                0x0800a504                memset
 .text._close_r
                0x0800a514       0x20 C:/ST/STM32CubeIDE_2.0.0/STM32CubeIDE/plugins/com.st.stm32cube.ide.mcu.externaltools.gnu-tools-for-stm32.13.3.rel1.win32_1.0.100.202509120712/tools/bin/../lib/gcc/arm-none-eabi/13.3.1/../../../../arm-none-eabi/lib/thumb/v7e-m+fp/hard\libc_nano.a(libc_a-closer.o)
                0x0800a514                _close_r
 .text._lseek_r
                0x0800a534       0x24 C:/ST/STM32CubeIDE_2.0.0/STM32CubeIDE/plugins/com.st.stm32cube.ide.mcu.externaltools.gnu-tools-for-stm32.13.3.rel1.win32_1.0.100.202509120712/tools/bin/../lib/gcc/arm-none-eabi/13.3.1/../../../../arm-none-eabi/lib/thumb/v7e-m+fp/hard\libc_nano.a(libc_a-lseekr.o)
                0x0800a534                _lseek_r
 .text._read_r  0x0800a558       0x24 C:/ST/STM32CubeIDE_2.0.0/STM32CubeIDE/plugins/com.st.stm32cube.ide.mcu.externaltools.gnu-tools-for-stm32.13.3.rel1.win32_1.0.100.202509120712/tools/bin/../lib/gcc/arm-none-eabi/13.3.1/../../../../arm-none-eabi/lib/thumb/v7e-m+fp/hard\libc_nano.a(libc_a-readr.o)
                0x0800a558                _read_r
 .text._write_r
                0x0800a57c       0x24 C:/ST/STM32CubeIDE_2.0.0/STM32CubeIDE/plugins/com.st.stm32cube.ide.mcu.externaltools.gnu-tools-for-stm32.13.3.rel1.win32_1.0.100.202509120712/tools/bin/../lib/gcc/arm-none-eabi/13.3.1/../../../../arm-none-eabi/lib/thumb/v7e-m+fp/hard\libc_nano.a(libc_a-writer.o)
                0x0800a57c                _write_r
 .text.__errno  0x0800a5a0        0xc C:/ST/STM32CubeIDE_2.0.0/STM32CubeIDE/plugins/com.st.stm32cube.ide.mcu.externaltools.gnu-tools-for-stm32.13.3.rel1.win32_1.0.100.202509120712/tools/bin/../lib/gcc/arm-none-eabi/13.3.1/../../../../arm-none-eabi/lib/thumb/v7e-m+fp/hard\libc_nano.a(libc_a-errno.o)
                0x0800a5a0                __errno
 .text.__libc_init_array
                0x0800a5ac       0x48 C:/ST/STM32CubeIDE_2.0.0/STM32CubeIDE/plugins/com.st.stm32cube.ide.mcu.externaltools.gnu-tools-for-stm32.13.3.rel1.win32_1.0.100.202509120712/tools/bin/../lib/gcc/arm-none-eabi/13.3.1/../../../../arm-none-eabi/lib/thumb/v7e-m+fp/hard\libc_nano.a(libc_a-init.o)
                0x0800a5ac                __libc_init_array
 .text.__retarget_lock_init_recursive
                0x0800a5f4        0x2 C:/ST/STM32CubeIDE_2.0.0/STM32CubeIDE/plugins/com.st.stm32cube.ide.mcu.externaltools.gnu-tools-for-stm32.13.3.rel1.win32_1.0.100.202509120712/tools/bin/../lib/gcc/arm-none-eabi/13.3.1/../../../../arm-none-eabi/lib/thumb/v7e-m+fp/hard\libc_nano.a(libc_a-lock.o)
                0x0800a5f4                __retarget_lock_init_recursive
 .text.__retarget_lock_acquire_recursive
                0x0800a5f6        0x2 C:/ST/STM32CubeIDE_2.0.0/STM32CubeIDE/plugins/com.st.stm32cube.ide.mcu.externaltools.gnu-tools-for-stm32.13.3.rel1.win32_1.0.100.202509120712/tools/bin/../lib/gcc/arm-none-eabi/13.3.1/../../../../arm-none-eabi/lib/thumb/v7e-m+fp/hard\libc_nano.a(libc_a-lock.o)
                0x0800a5f6                __retarget_lock_acquire_recursive
 .text.__retarget_lock_release_recursive
                0x0800a5f8        0x2 C:/ST/STM32CubeIDE_2.0.0/STM32CubeIDE/plugins/com.st.stm32cube.ide.mcu.externaltools.gnu-tools-for-stm32.13.3.rel1.win32_1.0.100.202509120712/tools/bin/../lib/gcc/arm-none-eabi/13.3.1/../../../../arm-none-eabi/lib/thumb/v7e-m+fp/hard\libc_nano.a(libc_a-lock.o)
                0x0800a5f8                __retarget_lock_release_recursive
 *fill*         0x0800a5fa        0x2 
 .text._free_r  0x0800a5fc       0x94 C:/ST/STM32CubeIDE_2.0.0/STM32CubeIDE/plugins/com.st.stm32cube.ide.mcu.externaltools.gnu-tools-for-stm32.13.3.rel1.win32_1.0.100.202509120712/tools/bin/../lib/gcc/arm-none-eabi/13.3.1/../../../../arm-none-eabi/lib/thumb/v7e-m+fp/hard\libc_nano.a(libc_a-freer.o)
                0x0800a5fc                _free_r
 .text.sbrk_aligned
                0x0800a690       0x44 C:/ST/STM32CubeIDE_2.0.0/STM32CubeIDE/plugins/com.st.stm32cube.ide.mcu.externaltools.gnu-tools-for-stm32.13.3.rel1.win32_1.0.100.202509120712/tools/bin/../lib/gcc/arm-none-eabi/13.3.1/../../../../arm-none-eabi/lib/thumb/v7e-m+fp/hard\libc_nano.a(libc_a-mallocr.o)
 .text._malloc_r
                0x0800a6d4      0x100 C:/ST/STM32CubeIDE_2.0.0/STM32CubeIDE/plugins/com.st.stm32cube.ide.mcu.externaltools.gnu-tools-for-stm32.13.3.rel1.win32_1.0.100.202509120712/tools/bin/../lib/gcc/arm-none-eabi/13.3.1/../../../../arm-none-eabi/lib/thumb/v7e-m+fp/hard\libc_nano.a(libc_a-mallocr.o)
                0x0800a6d4                _malloc_r
 .text.__malloc_lock
                0x0800a7d4        0xc C:/ST/STM32CubeIDE_2.0.0/STM32CubeIDE/plugins/com.st.stm32cube.ide.mcu.externaltools.gnu-tools-for-stm32.13.3.rel1.win32_1.0.100.202509120712/tools/bin/../lib/gcc/arm-none-eabi/13.3.1/../../../../arm-none-eabi/lib/thumb/v7e-m+fp/hard\libc_nano.a(libc_a-mlock.o)
                0x0800a7d4                __malloc_lock
 .text.__malloc_unlock
                0x0800a7e0        0xc C:/ST/STM32CubeIDE_2.0.0/STM32CubeIDE/plugins/com.st.stm32cube.ide.mcu.externaltools.gnu-tools-for-stm32.13.3.rel1.win32_1.0.100.202509120712/tools/bin/../lib/gcc/arm-none-eabi/13.3.1/../../../../arm-none-eabi/lib/thumb/v7e-m+fp/hard\libc_nano.a(libc_a-mlock.o)
                0x0800a7e0                __malloc_unlock
 .text.__ssputs_r
                0x0800a7ec       0xb6 C:/ST/STM32CubeIDE_2.0.0/STM32CubeIDE/plugins/com.st.stm32cube.ide.mcu.externaltools.gnu-tools-for-stm32.13.3.rel1.win32_1.0.100.202509120712/tools/bin/../lib/gcc/arm-none-eabi/13.3.1/../../../../arm-none-eabi/lib/thumb/v7e-m+fp/hard\libc_nano.a(libc_a-nano-svfprintf.o)
                0x0800a7ec                __ssputs_r
 *fill*         0x0800a8a2        0x2 
 .text._svfprintf_r
                0x0800a8a4      0x1f8 C:/ST/STM32CubeIDE_2.0.0/STM32CubeIDE/plugins/com.st.stm32cube.ide.mcu.externaltools.gnu-tools-for-stm32.13.3.rel1.win32_1.0.100.202509120712/tools/bin/../lib/gcc/arm-none-eabi/13.3.1/../../../../arm-none-eabi/lib/thumb/v7e-m+fp/hard\libc_nano.a(libc_a-nano-svfprintf.o)
                0x0800a8a4                _svfiprintf_r
                0x0800a8a4                _svfprintf_r
 .text.__sfputc_r
                0x0800aa9c       0x2e C:/ST/STM32CubeIDE_2.0.0/STM32CubeIDE/plugins/com.st.stm32cube.ide.mcu.externaltools.gnu-tools-for-stm32.13.3.rel1.win32_1.0.100.202509120712/tools/bin/../lib/gcc/arm-none-eabi/13.3.1/../../../../arm-none-eabi/lib/thumb/v7e-m+fp/hard\libc_nano.a(libc_a-nano-vfprintf.o)
 .text.__sfputs_r
                0x0800aaca       0x24 C:/ST/STM32CubeIDE_2.0.0/STM32CubeIDE/plugins/com.st.stm32cube.ide.mcu.externaltools.gnu-tools-for-stm32.13.3.rel1.win32_1.0.100.202509120712/tools/bin/../lib/gcc/arm-none-eabi/13.3.1/../../../../arm-none-eabi/lib/thumb/v7e-m+fp/hard\libc_nano.a(libc_a-nano-vfprintf.o)
                0x0800aaca                __sfputs_r
 *fill*         0x0800aaee        0x2 
 .text._vfprintf_r
                0x0800aaf0      0x230 C:/ST/STM32CubeIDE_2.0.0/STM32CubeIDE/plugins/com.st.stm32cube.ide.mcu.externaltools.gnu-tools-for-stm32.13.3.rel1.win32_1.0.100.202509120712/tools/bin/../lib/gcc/arm-none-eabi/13.3.1/../../../../arm-none-eabi/lib/thumb/v7e-m+fp/hard\libc_nano.a(libc_a-nano-vfprintf.o)
                0x0800aaf0                _vfprintf_r
                0x0800aaf0                _vfiprintf_r
 .text._printf_common
                0x0800ad20       0xda C:/ST/STM32CubeIDE_2.0.0/STM32CubeIDE/plugins/com.st.stm32cube.ide.mcu.externaltools.gnu-tools-for-stm32.13.3.rel1.win32_1.0.100.202509120712/tools/bin/../lib/gcc/arm-none-eabi/13.3.1/../../../../arm-none-eabi/lib/thumb/v7e-m+fp/hard\libc_nano.a(libc_a-nano-vfprintf_i.o)
                0x0800ad20                _printf_common
 *fill*         0x0800adfa        0x2 
 .text._printf_i
                0x0800adfc      0x23c C:/ST/STM32CubeIDE_2.0.0/STM32CubeIDE/plugins/com.st.stm32cube.ide.mcu.externaltools.gnu-tools-for-stm32.13.3.rel1.win32_1.0.100.202509120712/tools/bin/../lib/gcc/arm-none-eabi/13.3.1/../../../../arm-none-eabi/lib/thumb/v7e-m+fp/hard\libc_nano.a(libc_a-nano-vfprintf_i.o)
                0x0800adfc                _printf_i
 .text.__sflush_r
                0x0800b038      0x108 C:/ST/STM32CubeIDE_2.0.0/STM32CubeIDE/plugins/com.st.stm32cube.ide.mcu.externaltools.gnu-tools-for-stm32.13.3.rel1.win32_1.0.100.202509120712/tools/bin/../lib/gcc/arm-none-eabi/13.3.1/../../../../arm-none-eabi/lib/thumb/v7e-m+fp/hard\libc_nano.a(libc_a-fflush.o)
                0x0800b038                __sflush_r
 .text._fflush_r
                0x0800b140       0x50 C:/ST/STM32CubeIDE_2.0.0/STM32CubeIDE/plugins/com.st.stm32cube.ide.mcu.externaltools.gnu-tools-for-stm32.13.3.rel1.win32_1.0.100.202509120712/tools/bin/../lib/gcc/arm-none-eabi/13.3.1/../../../../arm-none-eabi/lib/thumb/v7e-m+fp/hard\libc_nano.a(libc_a-fflush.o)
                0x0800b140                _fflush_r
 .text.__swhatbuf_r
                0x0800b190       0x4c C:/ST/STM32CubeIDE_2.0.0/STM32CubeIDE/plugins/com.st.stm32cube.ide.mcu.externaltools.gnu-tools-for-stm32.13.3.rel1.win32_1.0.100.202509120712/tools/bin/../lib/gcc/arm-none-eabi/13.3.1/../../../../arm-none-eabi/lib/thumb/v7e-m+fp/hard\libc_nano.a(libc_a-makebuf.o)
                0x0800b190                __swhatbuf_r
 .text.__smakebuf_r
                0x0800b1dc       0x78 C:/ST/STM32CubeIDE_2.0.0/STM32CubeIDE/plugins/com.st.stm32cube.ide.mcu.externaltools.gnu-tools-for-stm32.13.3.rel1.win32_1.0.100.202509120712/tools/bin/../lib/gcc/arm-none-eabi/13.3.1/../../../../arm-none-eabi/lib/thumb/v7e-m+fp/hard\libc_nano.a(libc_a-makebuf.o)
                0x0800b1dc                __smakebuf_r
 .text.memmove  0x0800b254       0x34 C:/ST/STM32CubeIDE_2.0.0/STM32CubeIDE/plugins/com.st.stm32cube.ide.mcu.externaltools.gnu-tools-for-stm32.13.3.rel1.win32_1.0.100.202509120712/tools/bin/../lib/gcc/arm-none-eabi/13.3.1/../../../../arm-none-eabi/lib/thumb/v7e-m+fp/hard\libc_nano.a(libc_a-memmove.o)
                0x0800b254                memmove
 .text._fstat_r
                0x0800b288       0x24 C:/ST/STM32CubeIDE_2.0.0/STM32CubeIDE/plugins/com.st.stm32cube.ide.mcu.externaltools.gnu-tools-for-stm32.13.3.rel1.win32_1.0.100.202509120712/tools/bin/../lib/gcc/arm-none-eabi/13.3.1/../../../../arm-none-eabi/lib/thumb/v7e-m+fp/hard\libc_nano.a(libc_a-fstatr.o)
                0x0800b288                _fstat_r
 .text._isatty_r
                0x0800b2ac       0x20 C:/ST/STM32CubeIDE_2.0.0/STM32CubeIDE/plugins/com.st.stm32cube.ide.mcu.externaltools.gnu-tools-for-stm32.13.3.rel1.win32_1.0.100.202509120712/tools/bin/../lib/gcc/arm-none-eabi/13.3.1/../../../../arm-none-eabi/lib/thumb/v7e-m+fp/hard\libc_nano.a(libc_a-isattyr.o)
                0x0800b2ac                _isatty_r
 .text._sbrk_r  0x0800b2cc       0x20 C:/ST/STM32CubeIDE_2.0.0/STM32CubeIDE/plugins/com.st.stm32cube.ide.mcu.externaltools.gnu-tools-for-stm32.13.3.rel1.win32_1.0.100.202509120712/tools/bin/../lib/gcc/arm-none-eabi/13.3.1/../../../../arm-none-eabi/lib/thumb/v7e-m+fp/hard\libc_nano.a(libc_a-sbrkr.o)
                0x0800b2cc                _sbrk_r
 .text.memcpy   0x0800b2ec       0x1c C:/ST/STM32CubeIDE_2.0.0/STM32CubeIDE/plugins/com.st.stm32cube.ide.mcu.externaltools.gnu-tools-for-stm32.13.3.rel1.win32_1.0.100.202509120712/tools/bin/../lib/gcc/arm-none-eabi/13.3.1/../../../../arm-none-eabi/lib/thumb/v7e-m+fp/hard\libc_nano.a(libc_a-memcpy-stub.o)
                0x0800b2ec                memcpy
 .text._realloc_r
                0x0800b308       0x5c C:/ST/STM32CubeIDE_2.0.0/STM32CubeIDE/plugins/com.st.stm32cube.ide.mcu.externaltools.gnu-tools-for-stm32.13.3.rel1.win32_1.0.100.202509120712/tools/bin/../lib/gcc/arm-none-eabi/13.3.1/../../../../arm-none-eabi/lib/thumb/v7e-m+fp/hard\libc_nano.a(libc_a-reallocr.o)
                0x0800b308                _realloc_r
 .text._malloc_usable_size_r
                0x0800b364       0x10 C:/ST/STM32CubeIDE_2.0.0/STM32CubeIDE/plugins/com.st.stm32cube.ide.mcu.externaltools.gnu-tools-for-stm32.13.3.rel1.win32_1.0.100.202509120712/tools/bin/../lib/gcc/arm-none-eabi/13.3.1/../../../../arm-none-eabi/lib/thumb/v7e-m+fp/hard\libc_nano.a(libc_a-msizer.o)
                0x0800b364                _malloc_usable_size_r
 *(.glue_7)
 .glue_7        0x0800b374        0x0 linker stubs
 *(.glue_7t)
 .glue_7t       0x0800b374        0x0 linker stubs
 *(.eh_frame)
 .eh_frame      0x0800b374        0x0 C:/ST/STM32CubeIDE_2.0.0/STM32CubeIDE/plugins/com.st.stm32cube.ide.mcu.externaltools.gnu-tools-for-stm32.13.3.rel1.win32_1.0.100.202509120712/tools/bin/../lib/gcc/arm-none-eabi/13.3.1/thumb/v7e-m+fp/hard/crtbegin.o
 *(.init)
 .init          0x0800b374        0x4 C:/ST/STM32CubeIDE_2.0.0/STM32CubeIDE/plugins/com.st.stm32cube.ide.mcu.externaltools.gnu-tools-for-stm32.13.3.rel1.win32_1.0.100.202509120712/tools/bin/../lib/gcc/arm-none-eabi/13.3.1/thumb/v7e-m+fp/hard/crti.o
                0x0800b374                _init
 .init          0x0800b378        0x8 C:/ST/STM32CubeIDE_2.0.0/STM32CubeIDE/plugins/com.st.stm32cube.ide.mcu.externaltools.gnu-tools-for-stm32.13.3.rel1.win32_1.0.100.202509120712/tools/bin/../lib/gcc/arm-none-eabi/13.3.1/thumb/v7e-m+fp/hard/crtn.o
 *(.fini)
 .fini          0x0800b380        0x4 C:/ST/STM32CubeIDE_2.0.0/STM32CubeIDE/plugins/com.st.stm32cube.ide.mcu.externaltools.gnu-tools-for-stm32.13.3.rel1.win32_1.0.100.202509120712/tools/bin/../lib/gcc/arm-none-eabi/13.3.1/thumb/v7e-m+fp/hard/crti.o
                0x0800b380                _fini
 .fini          0x0800b384        0x8 C:/ST/STM32CubeIDE_2.0.0/STM32CubeIDE/plugins/com.st.stm32cube.ide.mcu.externaltools.gnu-tools-for-stm32.13.3.rel1.win32_1.0.100.202509120712/tools/bin/../lib/gcc/arm-none-eabi/13.3.1/thumb/v7e-m+fp/hard/crtn.o
                0x0800b38c                        . = ALIGN (0x4)
                0x0800b38c                        _etext = .

.vfp11_veneer   0x0800b38c        0x0
 .vfp11_veneer  0x0800b38c        0x0 linker stubs

.v4_bx          0x0800b38c        0x0
 .v4_bx         0x0800b38c        0x0 linker stubs

.iplt           0x0800b38c        0x0
 .iplt          0x0800b38c        0x0 C:/ST/STM32CubeIDE_2.0.0/STM32CubeIDE/plugins/com.st.stm32cube.ide.mcu.externaltools.gnu-tools-for-stm32.13.3.rel1.win32_1.0.100.202509120712/tools/bin/../lib/gcc/arm-none-eabi/13.3.1/thumb/v7e-m+fp/hard/crtbegin.o

.rodata         0x0800b38c     0x1458
                0x0800b38c                        . = ALIGN (0x4)
 *(.rodata)
 .rodata        0x0800b38c       0x10 ./Core/Src/audio.o
 .rodata        0x0800b39c       0x32 ./Core/Src/game.o
 *fill*         0x0800b3ce        0x2 
 .rodata        0x0800b3d0       0x33 ./Core/Src/ili9341.o
 *fill*         0x0800b403        0x1 
 .rodata        0x0800b404       0x48 ./Middlewares/Third_Party/FatFs/src/ff.o
 *(.rodata*)
 .rodata.Font11x18
                0x0800b44c      0xd5c ./Core/Src/fonts.o
 .rodata.tron_song_bin
                0x0800c1a8      0x14d ./Core/Src/game.o
                0x0800c1a8                tron_song_bin
 *fill*         0x0800c2f5        0x3 
 .rodata.main.str1.4
                0x0800c2f8       0x4b ./Core/Src/main.o
 *fill*         0x0800c343        0x1 
 .rodata.AHBPrescTable
                0x0800c344       0x10 ./Core/Src/system_stm32f4xx.o
                0x0800c344                AHBPrescTable
 .rodata.flagBitshiftOffset.0
                0x0800c354        0x8 ./Drivers/STM32F4xx_HAL_Driver/Src/stm32f4xx_hal_dma.o
 .rodata.SD_Driver
                0x0800c35c       0x14 ./FATFS/Target/sd_diskio.o
                0x0800c35c                SD_Driver
 .rodata.ExCvt  0x0800c370       0x80 ./Middlewares/Third_Party/FatFs/src/ff.o
 .rodata.LfnOfs
                0x0800c3f0        0xd ./Middlewares/Third_Party/FatFs/src/ff.o
 *fill*         0x0800c3fd        0x3 
 .rodata.Tbl    0x0800c400      0x100 ./Middlewares/Third_Party/FatFs/src/option/ccsbcs.o
 .rodata.cvt1.1
                0x0800c500      0x1f2 ./Middlewares/Third_Party/FatFs/src/option/ccsbcs.o
 *fill*         0x0800c6f2        0x2 
 .rodata.cvt2.0
                0x0800c6f4       0xbc ./Middlewares/Third_Party/FatFs/src/option/ccsbcs.o
 .rodata._svfprintf_r.str1.1
                0x0800c7b0       0x33 C:/ST/STM32CubeIDE_2.0.0/STM32CubeIDE/plugins/com.st.stm32cube.ide.mcu.externaltools.gnu-tools-for-stm32.13.3.rel1.win32_1.0.100.202509120712/tools/bin/../lib/gcc/arm-none-eabi/13.3.1/../../../../arm-none-eabi/lib/thumb/v7e-m+fp/hard\libc_nano.a(libc_a-nano-svfprintf.o)
                                 0x11 (size before relaxing)
 .rodata._vfprintf_r.str1.1
                0x0800c7e3        0x0 C:/ST/STM32CubeIDE_2.0.0/STM32CubeIDE/plugins/com.st.stm32cube.ide.mcu.externaltools.gnu-tools-for-stm32.13.3.rel1.win32_1.0.100.202509120712/tools/bin/../lib/gcc/arm-none-eabi/13.3.1/../../../../arm-none-eabi/lib/thumb/v7e-m+fp/hard\libc_nano.a(libc_a-nano-vfprintf.o)
                                 0x11 (size before relaxing)
 .rodata._printf_i.str1.1
                0x0800c7e3        0x0 C:/ST/STM32CubeIDE_2.0.0/STM32CubeIDE/plugins/com.st.stm32cube.ide.mcu.externaltools.gnu-tools-for-stm32.13.3.rel1.win32_1.0.100.202509120712/tools/bin/../lib/gcc/arm-none-eabi/13.3.1/../../../../arm-none-eabi/lib/thumb/v7e-m+fp/hard\libc_nano.a(libc_a-nano-vfprintf_i.o)
                                 0x22 (size before relaxing)
                0x0800c7e4                        . = ALIGN (0x4)
 *fill*         0x0800c7e3        0x1 

.ARM.extab      0x0800c7e4        0x0
                0x0800c7e4                        . = ALIGN (0x4)
 *(.ARM.extab* .gnu.linkonce.armextab.*)
                0x0800c7e4                        . = ALIGN (0x4)

.ARM            0x0800c7e4        0x8
                0x0800c7e4                        . = ALIGN (0x4)
                0x0800c7e4                        __exidx_start = .
 *(.ARM.exidx*)
 .ARM.exidx     0x0800c7e4        0x8 C:/ST/STM32CubeIDE_2.0.0/STM32CubeIDE/plugins/com.st.stm32cube.ide.mcu.externaltools.gnu-tools-for-stm32.13.3.rel1.win32_1.0.100.202509120712/tools/bin/../lib/gcc/arm-none-eabi/13.3.1/../../../../arm-none-eabi/lib/thumb/v7e-m+fp/hard\libc_nano.a(libc_a-memchr.o)
 .ARM.exidx     0x0800c7ec        0x0 C:/ST/STM32CubeIDE_2.0.0/STM32CubeIDE/plugins/com.st.stm32cube.ide.mcu.externaltools.gnu-tools-for-stm32.13.3.rel1.win32_1.0.100.202509120712/tools/bin/../lib/gcc/arm-none-eabi/13.3.1/thumb/v7e-m+fp/hard\libgcc.a(_udivmoddi4.o)
                                  0x8 (size before relaxing)
                0x0800c7ec                        __exidx_end = .
                0x0800c7ec                        . = ALIGN (0x4)

.preinit_array  0x0800c7ec        0x0
                0x0800c7ec                        . = ALIGN (0x4)
                0x0800c7ec                        PROVIDE (__preinit_array_start = .)
 *(.preinit_array*)
                0x0800c7ec                        PROVIDE (__preinit_array_end = .)
                0x0800c7ec                        . = ALIGN (0x4)

.init_array     0x0800c7ec        0x4
                0x0800c7ec                        . = ALIGN (0x4)
                0x0800c7ec                        PROVIDE (__init_array_start = .)
 *(SORT_BY_NAME(.init_array.*))
 *(.init_array*)
 .init_array    0x0800c7ec        0x4 C:/ST/STM32CubeIDE_2.0.0/STM32CubeIDE/plugins/com.st.stm32cube.ide.mcu.externaltools.gnu-tools-for-stm32.13.3.rel1.win32_1.0.100.202509120712/tools/bin/../lib/gcc/arm-none-eabi/13.3.1/thumb/v7e-m+fp/hard/crtbegin.o
                0x0800c7f0                        PROVIDE (__init_array_end = .)
                0x0800c7f0                        . = ALIGN (0x4)

.fini_array     0x0800c7f0        0x4
                0x0800c7f0                        . = ALIGN (0x4)
                [!provide]                        PROVIDE (__fini_array_start = .)
 *(SORT_BY_NAME(.fini_array.*))
 *(.fini_array*)
 .fini_array    0x0800c7f0        0x4 C:/ST/STM32CubeIDE_2.0.0/STM32CubeIDE/plugins/com.st.stm32cube.ide.mcu.externaltools.gnu-tools-for-stm32.13.3.rel1.win32_1.0.100.202509120712/tools/bin/../lib/gcc/arm-none-eabi/13.3.1/thumb/v7e-m+fp/hard/crtbegin.o
                [!provide]                        PROVIDE (__fini_array_end = .)
                0x0800c7f4                        . = ALIGN (0x4)
                0x0800c7f4                        _sidata = LOADADDR (.data)

.rel.dyn        0x0800c7f4        0x0
 .rel.iplt      0x0800c7f4        0x0 C:/ST/STM32CubeIDE_2.0.0/STM32CubeIDE/plugins/com.st.stm32cube.ide.mcu.externaltools.gnu-tools-for-stm32.13.3.rel1.win32_1.0.100.202509120712/tools/bin/../lib/gcc/arm-none-eabi/13.3.1/thumb/v7e-m+fp/hard/crtbegin.o

.data           0x20000000       0x70 load address 0x0800c7f4
                0x20000000                        . = ALIGN (0x4)
                0x20000000                        _sdata = .
 *(.data)
 *(.data*)
 .data.Font_11x18
                0x20000000        0x8 ./Core/Src/fonts.o
                0x20000000                Font_11x18
 .data.SystemCoreClock
                0x20000008        0x4 ./Core/Src/system_stm32f4xx.o
                0x20000008                SystemCoreClock
 .data.uwTickPrio
                0x2000000c        0x4 ./Drivers/STM32F4xx_HAL_Driver/Src/stm32f4xx_hal.o
                0x2000000c                uwTickPrio
 .data.uwTickFreq
                0x20000010        0x1 ./Drivers/STM32F4xx_HAL_Driver/Src/stm32f4xx_hal.o
                0x20000010                uwTickFreq
 .data.Stat     0x20000011        0x1 ./FATFS/Target/sd_diskio.o
 *fill*         0x20000012        0x2 
 .data.__sglue  0x20000014        0xc C:/ST/STM32CubeIDE_2.0.0/STM32CubeIDE/plugins/com.st.stm32cube.ide.mcu.externaltools.gnu-tools-for-stm32.13.3.rel1.win32_1.0.100.202509120712/tools/bin/../lib/gcc/arm-none-eabi/13.3.1/../../../../arm-none-eabi/lib/thumb/v7e-m+fp/hard\libc_nano.a(libc_a-findfp.o)
                0x20000014                __sglue
 .data._impure_ptr
                0x20000020        0x4 C:/ST/STM32CubeIDE_2.0.0/STM32CubeIDE/plugins/com.st.stm32cube.ide.mcu.externaltools.gnu-tools-for-stm32.13.3.rel1.win32_1.0.100.202509120712/tools/bin/../lib/gcc/arm-none-eabi/13.3.1/../../../../arm-none-eabi/lib/thumb/v7e-m+fp/hard\libc_nano.a(libc_a-impure.o)
                0x20000020                _impure_ptr
 .data._impure_data
                0x20000024       0x4c C:/ST/STM32CubeIDE_2.0.0/STM32CubeIDE/plugins/com.st.stm32cube.ide.mcu.externaltools.gnu-tools-for-stm32.13.3.rel1.win32_1.0.100.202509120712/tools/bin/../lib/gcc/arm-none-eabi/13.3.1/../../../../arm-none-eabi/lib/thumb/v7e-m+fp/hard\libc_nano.a(libc_a-impure.o)
                0x20000024                _impure_data
 *(.RamFunc)
 *(.RamFunc*)
                0x20000070                        . = ALIGN (0x4)
                0x20000070                        _edata = .
                0x0800c864                        _siccmram = LOADADDR (.ccmram)

.igot.plt       0x20000070        0x0 load address 0x0800c864
 .igot.plt      0x20000070        0x0 C:/ST/STM32CubeIDE_2.0.0/STM32CubeIDE/plugins/com.st.stm32cube.ide.mcu.externaltools.gnu-tools-for-stm32.13.3.rel1.win32_1.0.100.202509120712/tools/bin/../lib/gcc/arm-none-eabi/13.3.1/thumb/v7e-m+fp/hard/crtbegin.o

.ccmram         0x10000000        0x0 load address 0x0800c864
                0x10000000                        . = ALIGN (0x4)
                0x10000000                        _sccmram = .
 *(.ccmram)
 *(.ccmram*)
                0x10000000                        . = ALIGN (0x4)
                0x10000000                        _eccmram = .
                0x10000000                        . = ALIGN (0x4)

.bss            0x20000070     0x538c
                0x20000070                        _sbss = .
                0x20000070                        __bss_start__ = _sbss
 *(.bss)
 .bss           0x20000070       0x1c C:/ST/STM32CubeIDE_2.0.0/STM32CubeIDE/plugins/com.st.stm32cube.ide.mcu.externaltools.gnu-tools-for-stm32.13.3.rel1.win32_1.0.100.202509120712/tools/bin/../lib/gcc/arm-none-eabi/13.3.1/thumb/v7e-m+fp/hard/crtbegin.o
 *(.bss*)
 .bss.file      0x2000008c      0x230 ./Core/Src/audio.o
 .bss.audio_buffer
                0x200002bc     0x2000 ./Core/Src/audio.o
 .bss.playing   0x200022bc        0x1 ./Core/Src/audio.o
 *fill*         0x200022bd        0x3 
 .bss.raw       0x200022c0     0x2000 ./Core/Src/audio.o
 .bss.last_fread_result.3
                0x200042c0        0x4 ./Core/Src/audio.o
 .bss.last_bytes_read.2
                0x200042c4        0x4 ./Core/Src/audio.o
 .bss.fill_mode.1
                0x200042c8        0x4 ./Core/Src/audio.o
 .bss.peak_sample.0
                0x200042cc        0x2 ./Core/Src/audio.o
 *fill*         0x200042ce        0x2 
 .bss.g_gameState
                0x200042d0       0x84 ./Core/Src/game.o
                0x200042d0                g_gameState
 .bss.g_rows    0x20004354      0x400 ./Core/Src/game.o
                0x20004354                g_rows
 .bss.fps_timer.0
                0x20004754        0x4 ./Core/Src/main.o
 .bss.loop_counter.1
                0x20004758        0x4 ./Core/Src/main.o
 .bss.hpcd_USB_OTG_FS
                0x2000475c      0x4e4 ./Core/Src/main.o
                0x2000475c                hpcd_USB_OTG_FS
 .bss.htim7     0x20004c40       0x48 ./Core/Src/main.o
                0x20004c40                htim7
 .bss.hspi1     0x20004c88       0x58 ./Core/Src/main.o
                0x20004c88                hspi1
 .bss.hdma_sdio
                0x20004ce0       0x60 ./Core/Src/main.o
                0x20004ce0                hdma_sdio
 .bss.hsd       0x20004d40       0x84 ./Core/Src/main.o
                0x20004d40                hsd
 .bss.hdma_dac1
                0x20004dc4       0x60 ./Core/Src/main.o
                0x20004dc4                hdma_dac1
 .bss.hdac      0x20004e24       0x14 ./Core/Src/main.o
                0x20004e24                hdac
 .bss.__sbrk_heap_end
                0x20004e38        0x4 ./Core/Src/sysmem.o
 .bss.uwTick    0x20004e3c        0x4 ./Drivers/STM32F4xx_HAL_Driver/Src/stm32f4xx_hal.o
                0x20004e3c                uwTick
 .bss.retSD     0x20004e40        0x1 ./FATFS/App/fatfs.o
                0x20004e40                retSD
 *fill*         0x20004e41        0x3 
 .bss.SDPath    0x20004e44        0x4 ./FATFS/App/fatfs.o
                0x20004e44                SDPath
 .bss.SDFatFS   0x20004e48      0x234 ./FATFS/App/fatfs.o
                0x20004e48                SDFatFS
 .bss.FatFs     0x2000507c        0x4 ./Middlewares/Third_Party/FatFs/src/ff.o
 .bss.Fsid      0x20005080        0x2 ./Middlewares/Third_Party/FatFs/src/ff.o
 *fill*         0x20005082        0x2 
 .bss.Files     0x20005084       0x20 ./Middlewares/Third_Party/FatFs/src/ff.o
 .bss.LfnBuf    0x200050a4      0x200 ./Middlewares/Third_Party/FatFs/src/ff.o
 .bss.disk      0x200052a4        0xc ./Middlewares/Third_Party/FatFs/src/ff_gen_drv.o
                0x200052a4                disk
 .bss.__sf      0x200052b0      0x138 C:/ST/STM32CubeIDE_2.0.0/STM32CubeIDE/plugins/com.st.stm32cube.ide.mcu.externaltools.gnu-tools-for-stm32.13.3.rel1.win32_1.0.100.202509120712/tools/bin/../lib/gcc/arm-none-eabi/13.3.1/../../../../arm-none-eabi/lib/thumb/v7e-m+fp/hard\libc_nano.a(libc_a-findfp.o)
                0x200052b0                __sf
 .bss.__stdio_exit_handler
                0x200053e8        0x4 C:/ST/STM32CubeIDE_2.0.0/STM32CubeIDE/plugins/com.st.stm32cube.ide.mcu.externaltools.gnu-tools-for-stm32.13.3.rel1.win32_1.0.100.202509120712/tools/bin/../lib/gcc/arm-none-eabi/13.3.1/../../../../arm-none-eabi/lib/thumb/v7e-m+fp/hard\libc_nano.a(libc_a-findfp.o)
                0x200053e8                __stdio_exit_handler
 .bss.errno     0x200053ec        0x4 C:/ST/STM32CubeIDE_2.0.0/STM32CubeIDE/plugins/com.st.stm32cube.ide.mcu.externaltools.gnu-tools-for-stm32.13.3.rel1.win32_1.0.100.202509120712/tools/bin/../lib/gcc/arm-none-eabi/13.3.1/../../../../arm-none-eabi/lib/thumb/v7e-m+fp/hard\libc_nano.a(libc_a-reent.o)
                0x200053ec                errno
 .bss.__lock___malloc_recursive_mutex
                0x200053f0        0x1 C:/ST/STM32CubeIDE_2.0.0/STM32CubeIDE/plugins/com.st.stm32cube.ide.mcu.externaltools.gnu-tools-for-stm32.13.3.rel1.win32_1.0.100.202509120712/tools/bin/../lib/gcc/arm-none-eabi/13.3.1/../../../../arm-none-eabi/lib/thumb/v7e-m+fp/hard\libc_nano.a(libc_a-lock.o)
                0x200053f0                __lock___malloc_recursive_mutex
 .bss.__lock___sfp_recursive_mutex
                0x200053f1        0x1 C:/ST/STM32CubeIDE_2.0.0/STM32CubeIDE/plugins/com.st.stm32cube.ide.mcu.externaltools.gnu-tools-for-stm32.13.3.rel1.win32_1.0.100.202509120712/tools/bin/../lib/gcc/arm-none-eabi/13.3.1/../../../../arm-none-eabi/lib/thumb/v7e-m+fp/hard\libc_nano.a(libc_a-lock.o)
                0x200053f1                __lock___sfp_recursive_mutex
 *fill*         0x200053f2        0x2 
 .bss.__malloc_sbrk_start
                0x200053f4        0x4 C:/ST/STM32CubeIDE_2.0.0/STM32CubeIDE/plugins/com.st.stm32cube.ide.mcu.externaltools.gnu-tools-for-stm32.13.3.rel1.win32_1.0.100.202509120712/tools/bin/../lib/gcc/arm-none-eabi/13.3.1/../../../../arm-none-eabi/lib/thumb/v7e-m+fp/hard\libc_nano.a(libc_a-mallocr.o)
                0x200053f4                __malloc_sbrk_start
 .bss.__malloc_free_list
                0x200053f8        0x4 C:/ST/STM32CubeIDE_2.0.0/STM32CubeIDE/plugins/com.st.stm32cube.ide.mcu.externaltools.gnu-tools-for-stm32.13.3.rel1.win32_1.0.100.202509120712/tools/bin/../lib/gcc/arm-none-eabi/13.3.1/../../../../arm-none-eabi/lib/thumb/v7e-m+fp/hard\libc_nano.a(libc_a-mallocr.o)
                0x200053f8                __malloc_free_list
 *(COMMON)
                0x200053fc                        . = ALIGN (0x4)
                0x200053fc                        _ebss = .
                0x200053fc                        __bss_end__ = _ebss

._user_heap_stack
                0x200053fc      0x604
                0x20005400                        . = ALIGN (0x8)
 *fill*         0x200053fc        0x4 
                [!provide]                        PROVIDE (end = .)
                0x20005400                        PROVIDE (_end = .)
                0x20005600                        . = (. + _Min_Heap_Size)
 *fill*         0x20005400      0x200 
                0x20005a00                        . = (. + _Min_Stack_Size)
 *fill*         0x20005600      0x400 
                0x20005a00                        . = ALIGN (0x8)

/DISCARD/
 libc.a(*)
 libm.a(*)
 libgcc.a(*)

.ARM.attributes
                0x00000000       0x30
 *(.ARM.attributes)
 .ARM.attributes
                0x00000000       0x22 C:/ST/STM32CubeIDE_2.0.0/STM32CubeIDE/plugins/com.st.stm32cube.ide.mcu.externaltools.gnu-tools-for-stm32.13.3.rel1.win32_1.0.100.202509120712/tools/bin/../lib/gcc/arm-none-eabi/13.3.1/thumb/v7e-m+fp/hard/crti.o
 .ARM.attributes
                0x00000022       0x34 C:/ST/STM32CubeIDE_2.0.0/STM32CubeIDE/plugins/com.st.stm32cube.ide.mcu.externaltools.gnu-tools-for-stm32.13.3.rel1.win32_1.0.100.202509120712/tools/bin/../lib/gcc/arm-none-eabi/13.3.1/thumb/v7e-m+fp/hard/crtbegin.o
 .ARM.attributes
                0x00000056       0x34 ./Core/Src/audio.o
 .ARM.attributes
                0x0000008a       0x34 ./Core/Src/fonts.o
 .ARM.attributes
                0x000000be       0x34 ./Core/Src/game.o
 .ARM.attributes
                0x000000f2       0x34 ./Core/Src/ili9341.o
 .ARM.attributes
                0x00000126       0x34 ./Core/Src/main.o
 .ARM.attributes
                0x0000015a       0x34 ./Core/Src/stm32f4xx_hal_msp.o
 .ARM.attributes
                0x0000018e       0x34 ./Core/Src/stm32f4xx_it.o
 .ARM.attributes
                0x000001c2       0x34 ./Core/Src/syscalls.o
 .ARM.attributes
                0x000001f6       0x34 ./Core/Src/sysmem.o
 .ARM.attributes
                0x0000022a       0x34 ./Core/Src/system_stm32f4xx.o
 .ARM.attributes
                0x0000025e       0x21 ./Core/Startup/startup_stm32f407zgtx.o
 .ARM.attributes
                0x0000027f       0x34 ./Drivers/STM32F4xx_HAL_Driver/Src/stm32f4xx_hal.o
 .ARM.attributes
                0x000002b3       0x34 ./Drivers/STM32F4xx_HAL_Driver/Src/stm32f4xx_hal_cortex.o
 .ARM.attributes
                0x000002e7       0x34 ./Drivers/STM32F4xx_HAL_Driver/Src/stm32f4xx_hal_dac.o
 .ARM.attributes
                0x0000031b       0x34 ./Drivers/STM32F4xx_HAL_Driver/Src/stm32f4xx_hal_dac_ex.o
 .ARM.attributes
                0x0000034f       0x34 ./Drivers/STM32F4xx_HAL_Driver/Src/stm32f4xx_hal_dma.o
 .ARM.attributes
                0x00000383       0x34 ./Drivers/STM32F4xx_HAL_Driver/Src/stm32f4xx_hal_gpio.o
 .ARM.attributes
                0x000003b7       0x34 ./Drivers/STM32F4xx_HAL_Driver/Src/stm32f4xx_hal_pcd.o
 .ARM.attributes
                0x000003eb       0x34 ./Drivers/STM32F4xx_HAL_Driver/Src/stm32f4xx_hal_rcc.o
 .ARM.attributes
                0x0000041f       0x34 ./Drivers/STM32F4xx_HAL_Driver/Src/stm32f4xx_hal_sd.o
 .ARM.attributes
                0x00000453       0x34 ./Drivers/STM32F4xx_HAL_Driver/Src/stm32f4xx_hal_spi.o
 .ARM.attributes
                0x00000487       0x34 ./Drivers/STM32F4xx_HAL_Driver/Src/stm32f4xx_hal_tim.o
 .ARM.attributes
                0x000004bb       0x34 ./Drivers/STM32F4xx_HAL_Driver/Src/stm32f4xx_hal_tim_ex.o
 .ARM.attributes
                0x000004ef       0x34 ./Drivers/STM32F4xx_HAL_Driver/Src/stm32f4xx_ll_sdmmc.o
 .ARM.attributes
                0x00000523       0x34 ./Drivers/STM32F4xx_HAL_Driver/Src/stm32f4xx_ll_usb.o
 .ARM.attributes
                0x00000557       0x34 ./FATFS/App/fatfs.o
 .ARM.attributes
                0x0000058b       0x34 ./FATFS/Target/bsp_driver_sd.o
 .ARM.attributes
                0x000005bf       0x34 ./FATFS/Target/sd_diskio.o
 .ARM.attributes
                0x000005f3       0x34 ./Middlewares/Third_Party/FatFs/src/diskio.o
 .ARM.attributes
                0x00000627       0x34 ./Middlewares/Third_Party/FatFs/src/ff.o
 .ARM.attributes
                0x0000065b       0x34 ./Middlewares/Third_Party/FatFs/src/ff_gen_drv.o
 .ARM.attributes
                0x0000068f       0x34 ./Middlewares/Third_Party/FatFs/src/option/ccsbcs.o
 .ARM.attributes
                0x000006c3       0x34 C:/ST/STM32CubeIDE_2.0.0/STM32CubeIDE/plugins/com.st.stm32cube.ide.mcu.externaltools.gnu-tools-for-stm32.13.3.rel1.win32_1.0.100.202509120712/tools/bin/../lib/gcc/arm-none-eabi/13.3.1/../../../../arm-none-eabi/lib/thumb/v7e-m+fp/hard\libc_nano.a(libc_a-findfp.o)
 .ARM.attributes
                0x000006f7       0x34 C:/ST/STM32CubeIDE_2.0.0/STM32CubeIDE/plugins/com.st.stm32cube.ide.mcu.externaltools.gnu-tools-for-stm32.13.3.rel1.win32_1.0.100.202509120712/tools/bin/../lib/gcc/arm-none-eabi/13.3.1/../../../../arm-none-eabi/lib/thumb/v7e-m+fp/hard\libc_nano.a(libc_a-fwalk.o)
 .ARM.attributes
                0x0000072b       0x34 C:/ST/STM32CubeIDE_2.0.0/STM32CubeIDE/plugins/com.st.stm32cube.ide.mcu.externaltools.gnu-tools-for-stm32.13.3.rel1.win32_1.0.100.202509120712/tools/bin/../lib/gcc/arm-none-eabi/13.3.1/../../../../arm-none-eabi/lib/thumb/v7e-m+fp/hard\libc_nano.a(libc_a-printf.o)
 .ARM.attributes
                0x0000075f       0x34 C:/ST/STM32CubeIDE_2.0.0/STM32CubeIDE/plugins/com.st.stm32cube.ide.mcu.externaltools.gnu-tools-for-stm32.13.3.rel1.win32_1.0.100.202509120712/tools/bin/../lib/gcc/arm-none-eabi/13.3.1/../../../../arm-none-eabi/lib/thumb/v7e-m+fp/hard\libc_nano.a(libc_a-puts.o)
 .ARM.attributes
                0x00000793       0x34 C:/ST/STM32CubeIDE_2.0.0/STM32CubeIDE/plugins/com.st.stm32cube.ide.mcu.externaltools.gnu-tools-for-stm32.13.3.rel1.win32_1.0.100.202509120712/tools/bin/../lib/gcc/arm-none-eabi/13.3.1/../../../../arm-none-eabi/lib/thumb/v7e-m+fp/hard\libc_nano.a(libc_a-snprintf.o)
 .ARM.attributes
                0x000007c7       0x34 C:/ST/STM32CubeIDE_2.0.0/STM32CubeIDE/plugins/com.st.stm32cube.ide.mcu.externaltools.gnu-tools-for-stm32.13.3.rel1.win32_1.0.100.202509120712/tools/bin/../lib/gcc/arm-none-eabi/13.3.1/../../../../arm-none-eabi/lib/thumb/v7e-m+fp/hard\libc_nano.a(libc_a-stdio.o)
 .ARM.attributes
                0x000007fb       0x34 C:/ST/STM32CubeIDE_2.0.0/STM32CubeIDE/plugins/com.st.stm32cube.ide.mcu.externaltools.gnu-tools-for-stm32.13.3.rel1.win32_1.0.100.202509120712/tools/bin/../lib/gcc/arm-none-eabi/13.3.1/../../../../arm-none-eabi/lib/thumb/v7e-m+fp/hard\libc_nano.a(libc_a-wbuf.o)
 .ARM.attributes
                0x0000082f       0x34 C:/ST/STM32CubeIDE_2.0.0/STM32CubeIDE/plugins/com.st.stm32cube.ide.mcu.externaltools.gnu-tools-for-stm32.13.3.rel1.win32_1.0.100.202509120712/tools/bin/../lib/gcc/arm-none-eabi/13.3.1/../../../../arm-none-eabi/lib/thumb/v7e-m+fp/hard\libc_nano.a(libc_a-wsetup.o)
 .ARM.attributes
                0x00000863       0x34 C:/ST/STM32CubeIDE_2.0.0/STM32CubeIDE/plugins/com.st.stm32cube.ide.mcu.externaltools.gnu-tools-for-stm32.13.3.rel1.win32_1.0.100.202509120712/tools/bin/../lib/gcc/arm-none-eabi/13.3.1/../../../../arm-none-eabi/lib/thumb/v7e-m+fp/hard\libc_nano.a(libc_a-memset.o)
 .ARM.attributes
                0x00000897       0x34 C:/ST/STM32CubeIDE_2.0.0/STM32CubeIDE/plugins/com.st.stm32cube.ide.mcu.externaltools.gnu-tools-for-stm32.13.3.rel1.win32_1.0.100.202509120712/tools/bin/../lib/gcc/arm-none-eabi/13.3.1/../../../../arm-none-eabi/lib/thumb/v7e-m+fp/hard\libc_nano.a(libc_a-closer.o)
 .ARM.attributes
                0x000008cb       0x34 C:/ST/STM32CubeIDE_2.0.0/STM32CubeIDE/plugins/com.st.stm32cube.ide.mcu.externaltools.gnu-tools-for-stm32.13.3.rel1.win32_1.0.100.202509120712/tools/bin/../lib/gcc/arm-none-eabi/13.3.1/../../../../arm-none-eabi/lib/thumb/v7e-m+fp/hard\libc_nano.a(libc_a-reent.o)
 .ARM.attributes
                0x000008ff       0x34 C:/ST/STM32CubeIDE_2.0.0/STM32CubeIDE/plugins/com.st.stm32cube.ide.mcu.externaltools.gnu-tools-for-stm32.13.3.rel1.win32_1.0.100.202509120712/tools/bin/../lib/gcc/arm-none-eabi/13.3.1/../../../../arm-none-eabi/lib/thumb/v7e-m+fp/hard\libc_nano.a(libc_a-impure.o)
 .ARM.attributes
                0x00000933       0x34 C:/ST/STM32CubeIDE_2.0.0/STM32CubeIDE/plugins/com.st.stm32cube.ide.mcu.externaltools.gnu-tools-for-stm32.13.3.rel1.win32_1.0.100.202509120712/tools/bin/../lib/gcc/arm-none-eabi/13.3.1/../../../../arm-none-eabi/lib/thumb/v7e-m+fp/hard\libc_nano.a(libc_a-lseekr.o)
 .ARM.attributes
                0x00000967       0x34 C:/ST/STM32CubeIDE_2.0.0/STM32CubeIDE/plugins/com.st.stm32cube.ide.mcu.externaltools.gnu-tools-for-stm32.13.3.rel1.win32_1.0.100.202509120712/tools/bin/../lib/gcc/arm-none-eabi/13.3.1/../../../../arm-none-eabi/lib/thumb/v7e-m+fp/hard\libc_nano.a(libc_a-readr.o)
 .ARM.attributes
                0x0000099b       0x34 C:/ST/STM32CubeIDE_2.0.0/STM32CubeIDE/plugins/com.st.stm32cube.ide.mcu.externaltools.gnu-tools-for-stm32.13.3.rel1.win32_1.0.100.202509120712/tools/bin/../lib/gcc/arm-none-eabi/13.3.1/../../../../arm-none-eabi/lib/thumb/v7e-m+fp/hard\libc_nano.a(libc_a-writer.o)
 .ARM.attributes
                0x000009cf       0x34 C:/ST/STM32CubeIDE_2.0.0/STM32CubeIDE/plugins/com.st.stm32cube.ide.mcu.externaltools.gnu-tools-for-stm32.13.3.rel1.win32_1.0.100.202509120712/tools/bin/../lib/gcc/arm-none-eabi/13.3.1/../../../../arm-none-eabi/lib/thumb/v7e-m+fp/hard\libc_nano.a(libc_a-errno.o)
 .ARM.attributes
                0x00000a03       0x34 C:/ST/STM32CubeIDE_2.0.0/STM32CubeIDE/plugins/com.st.stm32cube.ide.mcu.externaltools.gnu-tools-for-stm32.13.3.rel1.win32_1.0.100.202509120712/tools/bin/../lib/gcc/arm-none-eabi/13.3.1/../../../../arm-none-eabi/lib/thumb/v7e-m+fp/hard\libc_nano.a(libc_a-init.o)
 .ARM.attributes
                0x00000a37       0x34 C:/ST/STM32CubeIDE_2.0.0/STM32CubeIDE/plugins/com.st.stm32cube.ide.mcu.externaltools.gnu-tools-for-stm32.13.3.rel1.win32_1.0.100.202509120712/tools/bin/../lib/gcc/arm-none-eabi/13.3.1/../../../../arm-none-eabi/lib/thumb/v7e-m+fp/hard\libc_nano.a(libc_a-lock.o)
 .ARM.attributes
                0x00000a6b       0x34 C:/ST/STM32CubeIDE_2.0.0/STM32CubeIDE/plugins/com.st.stm32cube.ide.mcu.externaltools.gnu-tools-for-stm32.13.3.rel1.win32_1.0.100.202509120712/tools/bin/../lib/gcc/arm-none-eabi/13.3.1/../../../../arm-none-eabi/lib/thumb/v7e-m+fp/hard\libc_nano.a(libc_a-freer.o)
 .ARM.attributes