../Core/Src/ili9341.c:4:13:ILI9341_Select	8	static
../Core/Src/ili9341.c:8:6:ILI9341_Unselect	8	static
../Core/Src/ili9341.c:12:13:ILI9341_Reset	8	static
../Core/Src/ili9341.c:18:13:ILI9341_WriteCommand	16	static
../Core/Src/ili9341.c:23:13:ILI9341_WriteData	24	static
../Core/Src/ili9341.c:35:13:ILI9341_SetAddressWindow	32	static
../Core/Src/ili9341.c:54:6:ILI9341_Init	120	static
../Core/Src/ili9341.c:209:6:ILI9341_DrawPixel	24	static
../Core/Src/ili9341.c:222:13:ILI9341_WriteChar	40	static
../Core/Src/ili9341.c:241:6:ILI9341_WriteString	32	static
../Core/Src/ili9341.c:267:6:ILI9341_FillRectangle	32	static
../Core/Src/ili9341.c:287:6:ILI9341_FastFillRectangle	2088	static
../Core/Src/ili9341.c:317:6:ILI9341_FillScreen	24	static
../Core/Src/ili9341.c:321:6:ILI9341_ClearScreen	16	static
../Core/Src/ili9341.c:325:6:ILI9341_FastClear	544	static
../Core/Src/ili9341.c:353:6:ILI9341_DrawImage	24	static
../Core/Src/ili9341.c:364:6:ILI9341_DrawBufferOnDisplay	24	static
../Core/Src/ili9341.c:375:6:ILI9341_InvertColors	16	static
