../Core/Src/main.c:496:13:MX_GPIO_Init	72	static
../Core/Src/main.c:474:13:MX_DMA_Init	16	static
../Core/Src/main.c:80:9:BSP_SD_IsDetected	8	static
../Core/Src/main.c:568:6:Error_Handler	0	static,ignoring_inline_asm
../Core/Src/main.c:441:13:MX_USB_OTG_FS_PCD_Init	8	static
../Core/Src/main.c:365:13:MX_SPI1_Init	8	static
../Core/Src/main.c:328:13:MX_SDIO_SD_Init	8	static
../Core/Src/main.c:288:13:MX_DAC_Init	16	static
../Core/Src/main.c:403:13:MX_TIM7_Init	16	static
../Core/Src/main.c:242:6:SystemClock_Config	88	static
../Core/Src/main.c:96:5:main	40	static
